Archive member included to satisfy reference by file (symbol)

c:/ac6/gnu tools arm embedded/8 2019-q3-update/bin/../lib/gcc/arm-none-eabi/8.3.1/../../../../arm-none-eabi/lib/thumb/v7e-m+fp/hard\libc_nano.a(lib_a-exit.o)
                              c:/ac6/gnu tools arm embedded/8 2019-q3-update/bin/../lib/gcc/arm-none-eabi/8.3.1/../../../../arm-none-eabi/lib/thumb/v7e-m+fp/hard/crt0.o (exit)
c:/ac6/gnu tools arm embedded/8 2019-q3-update/bin/../lib/gcc/arm-none-eabi/8.3.1/../../../../arm-none-eabi/lib/thumb/v7e-m+fp/hard\libc_nano.a(lib_a-impure.o)
                              c:/ac6/gnu tools arm embedded/8 2019-q3-update/bin/../lib/gcc/arm-none-eabi/8.3.1/../../../../arm-none-eabi/lib/thumb/v7e-m+fp/hard\libc_nano.a(lib_a-exit.o) (_global_impure_ptr)
c:/ac6/gnu tools arm embedded/8 2019-q3-update/bin/../lib/gcc/arm-none-eabi/8.3.1/../../../../arm-none-eabi/lib/thumb/v7e-m+fp/hard\libc_nano.a(lib_a-init.o)
                              c:/ac6/gnu tools arm embedded/8 2019-q3-update/bin/../lib/gcc/arm-none-eabi/8.3.1/../../../../arm-none-eabi/lib/thumb/v7e-m+fp/hard/crt0.o (__libc_init_array)
c:/ac6/gnu tools arm embedded/8 2019-q3-update/bin/../lib/gcc/arm-none-eabi/8.3.1/../../../../arm-none-eabi/lib/thumb/v7e-m+fp/hard\libc_nano.a(lib_a-memcpy-stub.o)
                              _build/nrf52832_xxaa/nrf_memobj.c.o (memcpy)
c:/ac6/gnu tools arm embedded/8 2019-q3-update/bin/../lib/gcc/arm-none-eabi/8.3.1/../../../../arm-none-eabi/lib/thumb/v7e-m+fp/hard\libc_nano.a(lib_a-memset.o)
                              c:/ac6/gnu tools arm embedded/8 2019-q3-update/bin/../lib/gcc/arm-none-eabi/8.3.1/../../../../arm-none-eabi/lib/thumb/v7e-m+fp/hard/crt0.o (memset)
c:/ac6/gnu tools arm embedded/8 2019-q3-update/bin/../lib/gcc/arm-none-eabi/8.3.1/../../../../arm-none-eabi/lib/thumb/v7e-m+fp/hard\libc_nano.a(lib_a-strcpy.o)
                              _build/nrf52832_xxaa/SEGGER_RTT.c.o (strcpy)
c:/ac6/gnu tools arm embedded/8 2019-q3-update/bin/../lib/gcc/arm-none-eabi/8.3.1/../../../../arm-none-eabi/lib/thumb/v7e-m+fp/hard\libc_nano.a(lib_a-strlen.o)
                              _build/nrf52832_xxaa/nrf_fprintf_format.c.o (strlen)
c:/ac6/gnu tools arm embedded/8 2019-q3-update/bin/../lib/gcc/arm-none-eabi/8.3.1/../../../../arm-none-eabi/lib/thumb/v7e-m+fp/hard\libc_nano.a(lib_a-vsnprintf.o)
                              _build/nrf52832_xxaa/serial_dialog.c.o (vsnprintf)
c:/ac6/gnu tools arm embedded/8 2019-q3-update/bin/../lib/gcc/arm-none-eabi/8.3.1/../../../../arm-none-eabi/lib/thumb/v7e-m+fp/hard\libc_nano.a(lib_a-nano-svfprintf.o)
                              c:/ac6/gnu tools arm embedded/8 2019-q3-update/bin/../lib/gcc/arm-none-eabi/8.3.1/../../../../arm-none-eabi/lib/thumb/v7e-m+fp/hard\libc_nano.a(lib_a-vsnprintf.o) (_svfprintf_r)
c:/ac6/gnu tools arm embedded/8 2019-q3-update/bin/../lib/gcc/arm-none-eabi/8.3.1/../../../../arm-none-eabi/lib/thumb/v7e-m+fp/hard\libc_nano.a(lib_a-nano-vfprintf_i.o)
                              c:/ac6/gnu tools arm embedded/8 2019-q3-update/bin/../lib/gcc/arm-none-eabi/8.3.1/../../../../arm-none-eabi/lib/thumb/v7e-m+fp/hard\libc_nano.a(lib_a-nano-svfprintf.o) (_printf_i)
c:/ac6/gnu tools arm embedded/8 2019-q3-update/bin/../lib/gcc/arm-none-eabi/8.3.1/../../../../arm-none-eabi/lib/thumb/v7e-m+fp/hard\libc_nano.a(lib_a-memchr.o)
                              c:/ac6/gnu tools arm embedded/8 2019-q3-update/bin/../lib/gcc/arm-none-eabi/8.3.1/../../../../arm-none-eabi/lib/thumb/v7e-m+fp/hard\libc_nano.a(lib_a-nano-svfprintf.o) (memchr)
c:/ac6/gnu tools arm embedded/8 2019-q3-update/bin/../lib/gcc/arm-none-eabi/8.3.1/../../../../arm-none-eabi/lib/thumb/v7e-m+fp/hard\libc_nano.a(lib_a-memmove.o)
                              c:/ac6/gnu tools arm embedded/8 2019-q3-update/bin/../lib/gcc/arm-none-eabi/8.3.1/../../../../arm-none-eabi/lib/thumb/v7e-m+fp/hard\libc_nano.a(lib_a-nano-svfprintf.o) (memmove)
c:/ac6/gnu tools arm embedded/8 2019-q3-update/bin/../lib/gcc/arm-none-eabi/8.3.1/../../../../arm-none-eabi/lib/thumb/v7e-m+fp/hard\libc_nano.a(lib_a-nano-freer.o)
                              c:/ac6/gnu tools arm embedded/8 2019-q3-update/bin/../lib/gcc/arm-none-eabi/8.3.1/../../../../arm-none-eabi/lib/thumb/v7e-m+fp/hard\libc_nano.a(lib_a-nano-svfprintf.o) (_free_r)
c:/ac6/gnu tools arm embedded/8 2019-q3-update/bin/../lib/gcc/arm-none-eabi/8.3.1/../../../../arm-none-eabi/lib/thumb/v7e-m+fp/hard\libc_nano.a(lib_a-nano-mallocr.o)
                              c:/ac6/gnu tools arm embedded/8 2019-q3-update/bin/../lib/gcc/arm-none-eabi/8.3.1/../../../../arm-none-eabi/lib/thumb/v7e-m+fp/hard\libc_nano.a(lib_a-nano-svfprintf.o) (_malloc_r)
c:/ac6/gnu tools arm embedded/8 2019-q3-update/bin/../lib/gcc/arm-none-eabi/8.3.1/../../../../arm-none-eabi/lib/thumb/v7e-m+fp/hard\libc_nano.a(lib_a-nano-reallocr.o)
[...]
Memory Configuration

Name             Origin             Length             Attributes
FLASH            0x00000000         0x00080000         xr
RAM              0x20000000         0x00010000         xrw
*default*        0x00000000         0xffffffff

Linker script and memory map


.text           0x00000000     0x27fc
 *(.isr_vector)
 .isr_vector    0x00000000      0x200 _build/nrf52832_xxaa/gcc_startup_nrf52.S.o
                0x00000000                __isr_vector
 *(.text*)
 .text          0x00000200       0x40 c:/ac6/gnu tools arm embedded/8 2019-q3-update/bin/../lib/gcc/arm-none-eabi/8.3.1/thumb/v7e-m+fp/hard/crtbegin.o
 .text          0x00000240       0x74 c:/ac6/gnu tools arm embedded/8 2019-q3-update/bin/../lib/gcc/arm-none-eabi/8.3.1/../../../../arm-none-eabi/lib/thumb/v7e-m+fp/hard/crt0.o
                0x00000240                _start
                0x00000240                _mainCRTStartup
 .text.clocks_start
                0x000002b4       0x1c _build/nrf52832_xxaa/main.c.o
                0x000002b4                clocks_start
 .text.object_id_to_string
                0x000002d0       0x20 _build/nrf52832_xxaa/main.c.o
                0x000002d0                object_id_to_string
 .text.main     0x000002f0       0x4c _build/nrf52832_xxaa/main.c.o
                0x000002f0                main
 .text.SECRETARY_process_main
                0x0000033c        0x2 _build/nrf52832_xxaa/secretary.c.o
                0x0000033c                SECRETARY_process_main
 .text.SECRETARY_process_msg_from_uart
                0x0000033e        0xe _build/nrf52832_xxaa/secretary.c.o
                0x0000033e                SECRETARY_process_msg_from_uart
 .text.SERIAL_DIALOG_process_msg
                0x0000034c        0x8 _build/nrf52832_xxaa/serial_dialog.c.o
 .text.SERIAL_DIALOG_parse_rx
                0x00000354       0x84 _build/nrf52832_xxaa/serial_dialog.c.o
 .text.SERIAL_DIALOG_puts
                0x000003d8       0x48 _build/nrf52832_xxaa/serial_dialog.c.o
                0x000003d8                SERIAL_DIALOG_puts
 .text.debug_printf
                0x00000420       0x30 _build/nrf52832_xxaa/serial_dialog.c.o
                0x00000420                debug_printf
 .text.SERIAL_DIALOG_init
                0x00000450       0x5c _build/nrf52832_xxaa/serial_dialog.c.o
                0x00000450                SERIAL_DIALOG_init
 .text.SERIAL_DIALOG_uart_event_handler
                0x000004ac       0x58 _build/nrf52832_xxaa/serial_dialog.c.o
 .text          0x00000504       0x3c _build/nrf52832_xxaa/gcc_startup_nrf52.S.o
                0x00000504                Reset_Handler
                0x0000052c                NMI_Handler
                0x0000052e                HardFault_Handler
                0x00000530                MemoryManagement_Handler
                0x00000532                BusFault_Handler
                0x00000534                UsageFault_Handler
                0x00000536                SVC_Handler
                0x00000538                DebugMon_Handler
                0x0000053a                PendSV_Handler
                0x0000053c                SysTick_Handler
                0x0000053e                QDEC_IRQHandler
                0x0000053e                FPU_IRQHandler
                0x0000053e                TEMP_IRQHandler
                0x0000053e                I2S_IRQHandler
                0x0000053e                SWI4_EGU4_IRQHandler
                0x0000053e                RTC0_IRQHandler
                0x0000053e                ECB_IRQHandler
                0x0000053e                PDM_IRQHandler
                0x0000053e                CCM_AAR_IRQHandler
                0x0000053e                WDT_IRQHandler
                0x0000053e                POWER_CLOCK_IRQHandler
                0x0000053e                SWI5_EGU5_IRQHandler
                0x0000053e                RNG_IRQHandler
                0x0000053e                RTC2_IRQHandler
                0x0000053e                SWI3_EGU3_IRQHandler
                0x0000053e                RTC1_IRQHandler
                0x0000053e                SWI1_EGU1_IRQHandler
                0x0000053e                NFCT_IRQHandler
                0x0000053e                SWI2_EGU2_IRQHandler
                0x0000053e                MWU_IRQHandler
                0x0000053e                Default_Handler
 .text.app_error_handler_bare
                0x00000540       0x1c _build/nrf52832_xxaa/app_error.c.o
                0x00000540                app_error_handler_bare
 .text.app_error_fault_handler
                0x0000055c       0x34 _build/nrf52832_xxaa/app_error_weak.c.o
                0x0000055c                app_error_fault_handler
 .text.app_util_disable_irq
                0x00000590       0x10 _build/nrf52832_xxaa/app_util_platform.c.o
                0x00000590                app_util_disable_irq
 .text.app_util_enable_irq
                0x000005a0       0x14 _build/nrf52832_xxaa/app_util_platform.c.o
                0x000005a0                app_util_enable_irq
 .text.app_util_critical_region_enter
                0x000005b4        0x8 _build/nrf52832_xxaa/app_util_platform.c.o
                0x000005b4                app_util_critical_region_enter
 .text.app_util_critical_region_exit
                0x000005bc        0x8 _build/nrf52832_xxaa/app_util_platform.c.o
                0x000005bc                app_util_critical_region_exit
 .text.app_fifo_init
                0x000005c4       0x26 _build/nrf52832_xxaa/app_fifo.c.o
                0x000005c4                app_fifo_init
 .text.app_fifo_put
                0x000005ea       0x28 _build/nrf52832_xxaa/app_fifo.c.o
                0x000005ea                app_fifo_put
 .text.app_fifo_get
                0x00000612       0x28 _build/nrf52832_xxaa/app_fifo.c.o
                0x00000612                app_fifo_get
 *fill*         0x0000063a        0x2 
 .text.uart_event_handler
                0x0000063c       0xe4 _build/nrf52832_xxaa/app_uart_fifo.c.o
 .text.app_uart_init
                0x00000720       0xcc _build/nrf52832_xxaa/app_uart_fifo.c.o
                0x00000720                app_uart_init
 .text.app_uart_get
                0x000007ec       0x40 _build/nrf52832_xxaa/app_uart_fifo.c.o
                0x000007ec                app_uart_get
 .text.app_uart_put
                0x0000082c       0x44 _build/nrf52832_xxaa/app_uart_fifo.c.o
                0x0000082c                app_uart_put
 .text.uarte_evt_handler
                0x00000870       0x38 _build/nrf52832_xxaa/nrf_drv_uart.c.o
 .text.uart_evt_handler
                0x000008a8       0x38 _build/nrf52832_xxaa/nrf_drv_uart.c.o
 .text.nrf_drv_uart_init
                0x000008e0       0x80 _build/nrf52832_xxaa/nrf_drv_uart.c.o
                0x000008e0                nrf_drv_uart_init
 .text.nrfx_systick_init
                0x00000960       0x14 _build/nrf52832_xxaa/nrfx_systick.c.o
                0x00000960                nrfx_systick_init
 .text.prs_box_get
                0x00000974       0x54 _build/nrf52832_xxaa/nrfx_prs.c.o
 .text.SPIM0_SPIS0_TWIM0_TWIS0_SPI0_TWI0_IRQHandler
                0x000009c8       0x10 _build/nrf52832_xxaa/nrfx_prs.c.o
                0x000009c8                SPIM0_SPIS0_TWIM0_TWIS0_SPI0_TWI0_IRQHandler
 .text.SPIM1_SPIS1_TWIM1_TWIS1_SPI1_TWI1_IRQHandler
                0x000009d8       0x10 _build/nrf52832_xxaa/nrfx_prs.c.o
                0x000009d8                SPIM1_SPIS1_TWIM1_TWIS1_SPI1_TWI1_IRQHandler
 .text.SPIM2_SPIS2_SPI2_IRQHandler
                0x000009e8       0x10 _build/nrf52832_xxaa/nrfx_prs.c.o
                0x000009e8                SPIM2_SPIS2_SPI2_IRQHandler
 .text.COMP_LPCOMP_IRQHandler
                0x000009f8       0x10 _build/nrf52832_xxaa/nrfx_prs.c.o
                0x000009f8                COMP_LPCOMP_IRQHandler
 .text.UARTE0_UART0_IRQHandler
                0x00000a08       0x10 _build/nrf52832_xxaa/nrfx_prs.c.o
                0x00000a08                UARTE0_UART0_IRQHandler
 .text.nrfx_prs_acquire
                0x00000a18       0x30 _build/nrf52832_xxaa/nrfx_prs.c.o
                0x00000a18                nrfx_prs_acquire
 .text.apply_config
                0x00000a48       0xb0 _build/nrf52832_xxaa/nrfx_uart.c.o
 .text.interrupts_enable
                0x00000af8       0x7c _build/nrf52832_xxaa/nrfx_uart.c.o
 .text.tx_byte  0x00000b74       0x24 _build/nrf52832_xxaa/nrfx_uart.c.o
 .text.rx_byte  0x00000b98       0x3a _build/nrf52832_xxaa/nrfx_uart.c.o
 .text.rx_done_event
                0x00000bd2       0x1c _build/nrf52832_xxaa/nrfx_uart.c.o
 .text.tx_done_event
                0x00000bee       0x20 _build/nrf52832_xxaa/nrfx_uart.c.o
 .text.uart_irq_handler
                0x00000c0e      0x134 _build/nrf52832_xxaa/nrfx_uart.c.o
 *fill*         0x00000d42        0x2 
 .text.nrfx_uart_0_irq_handler
                0x00000d44       0x14 _build/nrf52832_xxaa/nrfx_uart.c.o
                0x00000d44                nrfx_uart_0_irq_handler
 .text.nrfx_uart_init
                0x00000d58       0x84 _build/nrf52832_xxaa/nrfx_uart.c.o
                0x00000d58                nrfx_uart_init
 .text.apply_config
                0x00000ddc       0xb0 _build/nrf52832_xxaa/nrfx_uarte.c.o
 .text.interrupts_enable
                0x00000e8c       0xa8 _build/nrf52832_xxaa/nrfx_uarte.c.o
 .text.rx_done_event
                0x00000f34       0x1c _build/nrf52832_xxaa/nrfx_uarte.c.o
 .text.tx_done_event
                0x00000f50       0x20 _build/nrf52832_xxaa/nrfx_uarte.c.o
 .text.uarte_irq_handler
                0x00000f70      0x11a _build/nrf52832_xxaa/nrfx_uarte.c.o
 *fill*         0x0000108a        0x2 
 .text.nrfx_uarte_0_irq_handler
                0x0000108c       0x14 _build/nrf52832_xxaa/nrfx_uarte.c.o
                0x0000108c                nrfx_uarte_0_irq_handler
 .text.nrfx_uarte_init
                0x000010a0       0x8c _build/nrf52832_xxaa/nrfx_uarte.c.o
                0x000010a0                nrfx_uarte_init
 .text.nrfx_uarte_tx_in_progress
                0x0000112c       0x1c _build/nrf52832_xxaa/nrfx_uarte.c.o
                0x0000112c                nrfx_uarte_tx_in_progress
 .text.nrfx_uarte_tx
                0x00001148       0xa8 _build/nrf52832_xxaa/nrfx_uarte.c.o
                0x00001148                nrfx_uarte_tx
 .text.nrfx_uarte_rx
                0x000011f0      0x110 _build/nrf52832_xxaa/nrfx_uarte.c.o
                0x000011f0                nrfx_uarte_rx
 .text.SAADC_IRQHandler
                0x00001300      0x1a8 _build/nrf52832_xxaa/nrfx_saadc.c.o
                0x00001300                SAADC_IRQHandler
 .text.irq_handler
                0x000014a8       0x46 _build/nrf52832_xxaa/nrfx_timer.c.o
 *fill*         0x000014ee        0x2 
 .text.TIMER0_IRQHandler
                0x000014f0       0x18 _build/nrf52832_xxaa/nrfx_timer.c.o
                0x000014f0                TIMER0_IRQHandler
 .text.TIMER1_IRQHandler
                0x00001508       0x18 _build/nrf52832_xxaa/nrfx_timer.c.o
                0x00001508                TIMER1_IRQHandler
 .text.TIMER2_IRQHandler
                0x00001520       0x18 _build/nrf52832_xxaa/nrfx_timer.c.o
                0x00001520                TIMER2_IRQHandler
 .text.TIMER3_IRQHandler
                0x00001538       0x18 _build/nrf52832_xxaa/nrfx_timer.c.o
                0x00001538                TIMER3_IRQHandler
 .text.TIMER4_IRQHandler
                0x00001550       0x18 _build/nrf52832_xxaa/nrfx_timer.c.o
                0x00001550                TIMER4_IRQHandler
 .text.port_handler_pin_get
                0x00001568       0x14 _build/nrf52832_xxaa/nrfx_gpiote.c.o
 .text.port_handler_polarity_get
                0x0000157c       0x14 _build/nrf52832_xxaa/nrfx_gpiote.c.o
 .text.latch_pending_read_and_check
                0x00001590       0x36 _build/nrf52832_xxaa/nrfx_gpiote.c.o
 *fill*         0x000015c6        0x2 
 .text.port_event_handle
                0x000015c8       0xbc _build/nrf52832_xxaa/nrfx_gpiote.c.o
 .text.GPIOTE_IRQHandler
                0x00001684       0xd0 _build/nrf52832_xxaa/nrfx_gpiote.c.o
                0x00001684                GPIOTE_IRQHandler
 .text.irq_handler
                0x00001754       0x98 _build/nrf52832_xxaa/nrfx_pwm.c.o
 .text.PWM0_IRQHandler
                0x000017ec       0x14 _build/nrf52832_xxaa/nrfx_pwm.c.o
                0x000017ec                PWM0_IRQHandler
 .text.PWM1_IRQHandler
                0x00001800       0x14 _build/nrf52832_xxaa/nrfx_pwm.c.o
                0x00001800                PWM1_IRQHandler
 .text.PWM2_IRQHandler
                0x00001814       0x14 _build/nrf52832_xxaa/nrfx_pwm.c.o
                0x00001814                PWM2_IRQHandler
 .text.nrf52_errata_12
                0x00001828       0x24 _build/nrf52832_xxaa/system_nrf52.c.o
 .text.nrf52_errata_16
                0x0000184c       0x24 _build/nrf52832_xxaa/system_nrf52.c.o
 .text.nrf52_errata_31
                0x00001870       0x24 _build/nrf52832_xxaa/system_nrf52.c.o
 .text.nrf52_errata_32
                0x00001894       0x24 _build/nrf52832_xxaa/system_nrf52.c.o
 .text.nrf52_errata_36
                0x000018b8       0x24 _build/nrf52832_xxaa/system_nrf52.c.o
 .text.nrf52_errata_37
                0x000018dc       0x24 _build/nrf52832_xxaa/system_nrf52.c.o
 .text.nrf52_errata_57
                0x00001900       0x24 _build/nrf52832_xxaa/system_nrf52.c.o
 .text.nrf52_errata_66
                0x00001924       0x44 _build/nrf52832_xxaa/system_nrf52.c.o
 .text.nrf52_errata_108
                0x00001968       0x24 _build/nrf52832_xxaa/system_nrf52.c.o
 .text.nrf52_errata_136
                0x0000198c       0x24 _build/nrf52832_xxaa/system_nrf52.c.o
 .text.nrf52_errata_182
                0x000019b0       0x2c _build/nrf52832_xxaa/system_nrf52.c.o
 .text.SystemCoreClockUpdate
                0x000019dc       0x10 _build/nrf52832_xxaa/system_nrf52.c.o
                0x000019dc                SystemCoreClockUpdate
 .text.SystemInit
                0x000019ec      0x238 _build/nrf52832_xxaa/system_nrf52.c.o
                0x000019ec                SystemInit
 .text.nrf_esb_get_clear_interrupts
                0x00001c24       0x40 _build/nrf52832_xxaa/nrf_esb.c.o
 .text.RADIO_IRQHandler
                0x00001c64       0x68 _build/nrf52832_xxaa/nrf_esb.c.o
                0x00001c64                RADIO_IRQHandler
 .text.SWI0_EGU0_IRQHandler
                0x00001ccc       0x64 _build/nrf52832_xxaa/nrf_esb.c.o
                0x00001ccc                SWI0_EGU0_IRQHandler
 .text.exit     0x00001d30       0x28 c:/ac6/gnu tools arm embedded/8 2019-q3-update/bin/../lib/gcc/arm-none-eabi/8.3.1/../../../../arm-none-eabi/lib/thumb/v7e-m+fp/hard\libc_nano.a(lib_a-exit.o)
                0x00001d30                exit
 .text.__libc_init_array
                0x00001d58       0x48 c:/ac6/gnu tools arm embedded/8 2019-q3-update/bin/../lib/gcc/arm-none-eabi/8.3.1/../../../../arm-none-eabi/lib/thumb/v7e-m+fp/hard\libc_nano.a(lib_a-init.o)
                0x00001d58                __libc_init_array
 .text.memcpy   0x00001da0       0x1c c:/ac6/gnu tools arm embedded/8 2019-q3-update/bin/../lib/gcc/arm-none-eabi/8.3.1/../../../../arm-none-eabi/lib/thumb/v7e-m+fp/hard\libc_nano.a(lib_a-memcpy-stub.o)
                0x00001da0                memcpy
 .text.memset   0x00001dbc       0x10 c:/ac6/gnu tools arm embedded/8 2019-q3-update/bin/../lib/gcc/arm-none-eabi/8.3.1/../../../../arm-none-eabi/lib/thumb/v7e-m+fp/hard\libc_nano.a(lib_a-memset.o)
                0x00001dbc                memset
 .text._vsnprintf_r
                0x00001dcc       0x58 c:/ac6/gnu tools arm embedded/8 2019-q3-update/bin/../lib/gcc/arm-none-eabi/8.3.1/../../../../arm-none-eabi/lib/thumb/v7e-m+fp/hard\libc_nano.a(lib_a-vsnprintf.o)
                0x00001dcc                _vsniprintf_r
                0x00001dcc                _vsnprintf_r
 .text.vsnprintf
                0x00001e24       0x1c c:/ac6/gnu tools arm embedded/8 2019-q3-update/bin/../lib/gcc/arm-none-eabi/8.3.1/../../../../arm-none-eabi/lib/thumb/v7e-m+fp/hard\libc_nano.a(lib_a-vsnprintf.o)
                0x00001e24                vsniprintf
                0x00001e24                vsnprintf
 .text.__ssputs_r
                0x00001e40       0xb6 c:/ac6/gnu tools arm embedded/8 2019-q3-update/bin/../lib/gcc/arm-none-eabi/8.3.1/../../../../arm-none-eabi/lib/thumb/v7e-m+fp/hard\libc_nano.a(lib_a-nano-svfprintf.o)
                0x00001e40                __ssputs_r
 *fill*         0x00001ef6        0x2 
 .text._svfprintf_r
                0x00001ef8      0x1f0 c:/ac6/gnu tools arm embedded/8 2019-q3-update/bin/../lib/gcc/arm-none-eabi/8.3.1/../../../../arm-none-eabi/lib/thumb/v7e-m+fp/hard\libc_nano.a(lib_a-nano-svfprintf.o)
                0x00001ef8                _svfiprintf_r
                0x00001ef8                _svfprintf_r
 .text._printf_common
                0x000020e8       0xea c:/ac6/gnu tools arm embedded/8 2019-q3-update/bin/../lib/gcc/arm-none-eabi/8.3.1/../../../../arm-none-eabi/lib/thumb/v7e-m+fp/hard\libc_nano.a(lib_a-nano-vfprintf_i.o)
                0x000020e8                _printf_common
 *fill*         0x000021d2        0x2 
 .text._printf_i
                0x000021d4      0x228 c:/ac6/gnu tools arm embedded/8 2019-q3-update/bin/../lib/gcc/arm-none-eabi/8.3.1/../../../../arm-none-eabi/lib/thumb/v7e-m+fp/hard\libc_nano.a(lib_a-nano-vfprintf_i.o)
                0x000021d4                _printf_i
 *fill*         0x000023fc        0x4 
 .text          0x00002400       0xa0 c:/ac6/gnu tools arm embedded/8 2019-q3-update/bin/../lib/gcc/arm-none-eabi/8.3.1/../../../../arm-none-eabi/lib/thumb/v7e-m+fp/hard\libc_nano.a(lib_a-memchr.o)
                0x00002400                memchr
 .text.memmove  0x000024a0       0x34 c:/ac6/gnu tools arm embedded/8 2019-q3-update/bin/../lib/gcc/arm-none-eabi/8.3.1/../../../../arm-none-eabi/lib/thumb/v7e-m+fp/hard\libc_nano.a(lib_a-memmove.o)
                0x000024a0                memmove
 .text._free_r  0x000024d4       0x9c c:/ac6/gnu tools arm embedded/8 2019-q3-update/bin/../lib/gcc/arm-none-eabi/8.3.1/../../../../arm-none-eabi/lib/thumb/v7e-m+fp/hard\libc_nano.a(lib_a-nano-freer.o)
                0x000024d4                _free_r
 .text._malloc_r
                0x00002570       0xb4 c:/ac6/gnu tools arm embedded/8 2019-q3-update/bin/../lib/gcc/arm-none-eabi/8.3.1/../../../../arm-none-eabi/lib/thumb/v7e-m+fp/hard\libc_nano.a(lib_a-nano-mallocr.o)
                0x00002570                _malloc_r
 .text._realloc_r
                0x00002624       0x4c c:/ac6/gnu tools arm embedded/8 2019-q3-update/bin/../lib/gcc/arm-none-eabi/8.3.1/../../../../arm-none-eabi/lib/thumb/v7e-m+fp/hard\libc_nano.a(lib_a-nano-reallocr.o)
                0x00002624                _realloc_r
 .text._sbrk_r  0x00002670       0x20 c:/ac6/gnu tools arm embedded/8 2019-q3-update/bin/../lib/gcc/arm-none-eabi/8.3.1/../../../../arm-none-eabi/lib/thumb/v7e-m+fp/hard\libc_nano.a(lib_a-sbrkr.o)
                0x00002670                _sbrk_r
 .text.__malloc_lock
                0x00002690        0xc c:/ac6/gnu tools arm embedded/8 2019-q3-update/bin/../lib/gcc/arm-none-eabi/8.3.1/../../../../arm-none-eabi/lib/thumb/v7e-m+fp/hard\libc_nano.a(lib_a-mlock.o)
                0x00002690                __malloc_lock
 .text.__malloc_unlock
                0x0000269c        0xc c:/ac6/gnu tools arm embedded/8 2019-q3-update/bin/../lib/gcc/arm-none-eabi/8.3.1/../../../../arm-none-eabi/lib/thumb/v7e-m+fp/hard\libc_nano.a(lib_a-mlock.o)
                0x0000269c                __malloc_unlock
 .text._malloc_usable_size_r
                0x000026a8       0x10 c:/ac6/gnu tools arm embedded/8 2019-q3-update/bin/../lib/gcc/arm-none-eabi/8.3.1/../../../../arm-none-eabi/lib/thumb/v7e-m+fp/hard\libc_nano.a(lib_a-nano-msizer.o)
                0x000026a8                _malloc_usable_size_r
 .text.__retarget_lock_acquire_recursive
                0x000026b8        0x2 c:/ac6/gnu tools arm embedded/8 2019-q3-update/bin/../lib/gcc/arm-none-eabi/8.3.1/../../../../arm-none-eabi/lib/thumb/v7e-m+fp/hard\libc_nano.a(lib_a-lock.o)
                0x000026b8                __retarget_lock_acquire_recursive
 .text.__retarget_lock_release_recursive
                0x000026ba        0x2 c:/ac6/gnu tools arm embedded/8 2019-q3-update/bin/../lib/gcc/arm-none-eabi/8.3.1/../../../../arm-none-eabi/lib/thumb/v7e-m+fp/hard\libc_nano.a(lib_a-lock.o)
                0x000026ba                __retarget_lock_release_recursive
 .text._sbrk    0x000026bc       0x1c c:/ac6/gnu tools arm embedded/8 2019-q3-update/bin/../lib/gcc/arm-none-eabi/8.3.1/../../../../arm-none-eabi/lib/thumb/v7e-m+fp/hard\libnosys.a(sbrk.o)
                0x000026bc                _sbrk
 .text._exit    0x000026d8        0x4 c:/ac6/gnu tools arm embedded/8 2019-q3-update/bin/../lib/gcc/arm-none-eabi/8.3.1/../../../../arm-none-eabi/lib/thumb/v7e-m+fp/hard\libnosys.a(_exit.o)
                0x000026d8                _exit
 *(.init)
 .init          0x000026dc        0x4 c:/ac6/gnu tools arm embedded/8 2019-q3-update/bin/../lib/gcc/arm-none-eabi/8.3.1/thumb/v7e-m+fp/hard/crti.o
                0x000026dc                _init
 .init          0x000026e0        0x8 c:/ac6/gnu tools arm embedded/8 2019-q3-update/bin/../lib/gcc/arm-none-eabi/8.3.1/thumb/v7e-m+fp/hard/crtn.o
 *(.fini)
 .fini          0x000026e8        0x4 c:/ac6/gnu tools arm embedded/8 2019-q3-update/bin/../lib/gcc/arm-none-eabi/8.3.1/thumb/v7e-m+fp/hard/crti.o
                0x000026e8                _fini
 .fini          0x000026ec        0x8 c:/ac6/gnu tools arm embedded/8 2019-q3-update/bin/../lib/gcc/arm-none-eabi/8.3.1/thumb/v7e-m+fp/hard/crtn.o
 *crtbegin.o(.ctors)
 *crtbegin?.o(.ctors)
 *(EXCLUDE_FILE(*crtend.o *crtend?.o) .ctors)
 *(SORT_BY_NAME(.ctors.*))
 *(.ctors)
 *crtbegin.o(.dtors)
 *crtbegin?.o(.dtors)
 *(EXCLUDE_FILE(*crtend.o *crtend?.o) .dtors)
 *(SORT_BY_NAME(.dtors.*))
 *(.dtors)
 *(.rodata*)
 .rodata.main.str1.4
                0x000026f4       0x30 _build/nrf52832_xxaa/main.c.o
 .rodata.object_id_to_string.str1.4
                0x00002724       0x2b _build/nrf52832_xxaa/main.c.o
 *fill*         0x0000274f        0x1 
 .rodata        0x00002750       0x18 _build/nrf52832_xxaa/serial_dialog.c.o
 .rodata.SERIAL_DIALOG_init.str1.4
                0x00002768       0x12 _build/nrf52832_xxaa/serial_dialog.c.o
 *fill*         0x0000277a        0x2 
 .rodata.SERIAL_DIALOG_uart_event_handler.str1.4
                0x0000277c       0x24 _build/nrf52832_xxaa/serial_dialog.c.o
 .rodata        0x000027a0       0x20 _build/nrf52832_xxaa/app_uart_fifo.c.o
 .rodata._global_impure_ptr
                0x000027c0        0x4 c:/ac6/gnu tools arm embedded/8 2019-q3-update/bin/../lib/gcc/arm-none-eabi/8.3.1/../../../../arm-none-eabi/lib/thumb/v7e-m+fp/hard\libc_nano.a(lib_a-impure.o)
                0x000027c0                _global_impure_ptr
 .rodata._svfprintf_r.str1.1
                0x000027c4       0x11 c:/ac6/gnu tools arm embedded/8 2019-q3-update/bin/../lib/gcc/arm-none-eabi/8.3.1/../../../../arm-none-eabi/lib/thumb/v7e-m+fp/hard\libc_nano.a(lib_a-nano-svfprintf.o)
 .rodata._printf_i.str1.1
                0x000027d5       0x22 c:/ac6/gnu tools arm embedded/8 2019-q3-update/bin/../lib/gcc/arm-none-eabi/8.3.1/../../../../arm-none-eabi/lib/thumb/v7e-m+fp/hard\libc_nano.a(lib_a-nano-vfprintf_i.o)
 *(.eh_frame*)
 *fill*         0x000027f7        0x1 
 .eh_frame      0x000027f8        0x0 c:/ac6/gnu tools arm embedded/8 2019-q3-update/bin/../lib/gcc/arm-none-eabi/8.3.1/thumb/v7e-m+fp/hard/crtbegin.o
 .eh_frame      0x000027f8        0x4 c:/ac6/gnu tools arm embedded/8 2019-q3-update/bin/../lib/gcc/arm-none-eabi/8.3.1/thumb/v7e-m+fp/hard/crtend.o

.glue_7         0x000027fc        0x0
 .glue_7        0x000027fc        0x0 linker stubs

.glue_7t        0x000027fc        0x0
 .glue_7t       0x000027fc        0x0 linker stubs

.vfp11_veneer   0x000027fc        0x0
 .vfp11_veneer  0x000027fc        0x0 linker stubs

.v4_bx          0x000027fc        0x0
 .v4_bx         0x000027fc        0x0 linker stubs

.iplt           0x000027fc        0x0
 .iplt          0x000027fc        0x0 c:/ac6/gnu tools arm embedded/8 2019-q3-update/bin/../lib/gcc/arm-none-eabi/8.3.1/thumb/v7e-m+fp/hard/crtbegin.o

.mem_section_dummy_rom

.log_const_data
                0x000027fc        0x0
                [!provide]                PROVIDE (__start_log_const_data = .)
 *(SORT_BY_NAME(.log_const_data*))
                [!provide]                PROVIDE (__stop_log_const_data = .)

.log_backends   0x000027fc        0x0
                [!provide]                PROVIDE (__start_log_backends = .)
 *(SORT_BY_NAME(.log_backends*))
                [!provide]                PROVIDE (__stop_log_backends = .)

.nrf_balloc     0x000027fc        0x0
                [!provide]                PROVIDE (__start_nrf_balloc = .)
 *(.nrf_balloc)
                [!provide]                PROVIDE (__stop_nrf_balloc = .)

.ARM.extab
 *(.ARM.extab* .gnu.linkonce.armextab.*)
                0x000027fc                __exidx_start = .

.ARM.exidx      0x000027fc        0x8
 *(.ARM.exidx* .gnu.linkonce.armexidx.*)
 .ARM.exidx     0x000027fc        0x8 c:/ac6/gnu tools arm embedded/8 2019-q3-update/bin/../lib/gcc/arm-none-eabi/8.3.1/../../../../arm-none-eabi/lib/thumb/v7e-m+fp/hard/crt0.o
                0x00002804                __exidx_end = .

.rel.dyn        0x00002804        0x0
 .rel.iplt      0x00002804        0x0 c:/ac6/gnu tools arm embedded/8 2019-q3-update/bin/../lib/gcc/arm-none-eabi/8.3.1/thumb/v7e-m+fp/hard/crtbegin.o
                0x00002804                . = ALIGN (0x4)
                0x00002804                __etext = .

.data           0x20000000       0x7c load address 0x00002804
                0x20000000                __data_start__ = .
 *(vtable)
 *(.data*)
 .data.app_uart_inst
                0x20000000        0xc _build/nrf52832_xxaa/app_uart_fifo.c.o
 .data.SystemCoreClock
                0x2000000c        0x4 _build/nrf52832_xxaa/system_nrf52.c.o
                0x2000000c                SystemCoreClock
 .data._impure_ptr
                0x20000010        0x4 c:/ac6/gnu tools arm embedded/8 2019-q3-update/bin/../lib/gcc/arm-none-eabi/8.3.1/../../../../arm-none-eabi/lib/thumb/v7e-m+fp/hard\libc_nano.a(lib_a-impure.o)
                0x20000010                _impure_ptr
 .data.impure_data
                0x20000014       0x60 c:/ac6/gnu tools arm embedded/8 2019-q3-update/bin/../lib/gcc/arm-none-eabi/8.3.1/../../../../arm-none-eabi/lib/thumb/v7e-m+fp/hard\libc_nano.a(lib_a-impure.o)
                0x20000074                . = ALIGN (0x4)
                0x20000074                PROVIDE (__preinit_array_start = .)
 *(.preinit_array)
                0x20000074                PROVIDE (__preinit_array_end = .)
                0x20000074                . = ALIGN (0x4)
                0x20000074                PROVIDE (__init_array_start = .)
 *(SORT_BY_NAME(.init_array.*))
 *(.init_array)
 .init_array    0x20000074        0x4 c:/ac6/gnu tools arm embedded/8 2019-q3-update/bin/../lib/gcc/arm-none-eabi/8.3.1/thumb/v7e-m+fp/hard/crtbegin.o
                0x20000078                PROVIDE (__init_array_end = .)
                0x20000078                . = ALIGN (0x4)
                [!provide]                PROVIDE (__fini_array_start = .)
 *(SORT_BY_NAME(.fini_array.*))
 *(.fini_array)
 .fini_array    0x20000078        0x4 c:/ac6/gnu tools arm embedded/8 2019-q3-update/bin/../lib/gcc/arm-none-eabi/8.3.1/thumb/v7e-m+fp/hard/crtbegin.o
                [!provide]                PROVIDE (__fini_array_end = .)
 *(.jcr*)
                0x2000007c                . = ALIGN (0x4)
                0x2000007c                __data_end__ = .
LOAD c:/ac6/gnu tools arm embedded/8 2019-q3-update/bin/../lib/gcc/arm-none-eabi/8.3.1/thumb/v7e-m+fp/hard/crti.o
LOAD c:/ac6/gnu tools arm embedded/8 2019-q3-update/bin/../lib/gcc/arm-none-eabi/8.3.1/thumb/v7e-m+fp/hard/crtbegin.o
LOAD c:/ac6/gnu tools arm embedded/8 2019-q3-update/bin/../lib/gcc/arm-none-eabi/8.3.1/../../../../arm-none-eabi/lib/thumb/v7e-m+fp/hard/crt0.o
LOAD _build/nrf52832_xxaa/main.c.o
LOAD _build/nrf52832_xxaa/gpio.c.o
LOAD _build/nrf52832_xxaa/adc.c.o
LOAD _build/nrf52832_xxaa/secretary.c.o
LOAD _build/nrf52832_xxaa/serial_dialog.c.o
LOAD _build/nrf52832_xxaa/WS2812B_asm.s.o.o
LOAD _build/nrf52832_xxaa/gcc_startup_nrf52.S.o
LOAD _build/nrf52832_xxaa/nrf_log_backend_rtt.c.o
LOAD _build/nrf52832_xxaa/nrf_log_backend_serial.c.o
LOAD _build/nrf52832_xxaa/nrf_log_backend_uart.c.o
LOAD _build/nrf52832_xxaa/nrf_log_default_backends.c.o
LOAD _build/nrf52832_xxaa/nrf_log_frontend.c.o
LOAD _build/nrf52832_xxaa/nrf_log_str_formatter.c.o
LOAD _build/nrf52832_xxaa/boards.c.o
LOAD _build/nrf52832_xxaa/app_error.c.o
LOAD _build/nrf52832_xxaa/app_error_handler_gcc.c.o
LOAD _build/nrf52832_xxaa/app_error_weak.c.o
LOAD _build/nrf52832_xxaa/app_util_platform.c.o
LOAD _build/nrf52832_xxaa/nrf_assert.c.o
LOAD _build/nrf52832_xxaa/nrf_atomic.c.o
LOAD _build/nrf52832_xxaa/nrf_balloc.c.o
LOAD _build/nrf52832_xxaa/app_fifo.c.o
LOAD _build/nrf52832_xxaa/nrf_fprintf.c.o
LOAD _build/nrf52832_xxaa/nrf_fprintf_format.c.o
LOAD _build/nrf52832_xxaa/nrf_memobj.c.o
LOAD _build/nrf52832_xxaa/nrf_ringbuf.c.o
LOAD _build/nrf52832_xxaa/nrf_strerror.c.o
LOAD _build/nrf52832_xxaa/app_uart_fifo.c.o
LOAD _build/nrf52832_xxaa/nrf_fstorage.c.o
LOAD _build/nrf52832_xxaa/nrf_fstorage_nvmc.c.o
LOAD _build/nrf52832_xxaa/nrf_drv_uart.c.o
LOAD _build/nrf52832_xxaa/nrf_drv_ppi.c.o
LOAD _build/nrf52832_xxaa/nrfx_atomic.c.o
LOAD _build/nrf52832_xxaa/nrfx_systick.c.o
LOAD _build/nrf52832_xxaa/nrfx_prs.c.o
LOAD _build/nrf52832_xxaa/nrfx_uart.c.o
LOAD _build/nrf52832_xxaa/nrfx_uarte.c.o
LOAD _build/nrf52832_xxaa/nrfx_saadc.c.o
LOAD _build/nrf52832_xxaa/nrfx_timer.c.o
LOAD _build/nrf52832_xxaa/nrfx_ppi.c.o
LOAD _build/nrf52832_xxaa/nrfx_gpiote.c.o
LOAD _build/nrf52832_xxaa/nrfx_pwm.c.o
LOAD _build/nrf52832_xxaa/nrf_nvmc.c.o
LOAD _build/nrf52832_xxaa/SEGGER_RTT.c.o
LOAD _build/nrf52832_xxaa/SEGGER_RTT_Syscalls_GCC.c.o
LOAD _build/nrf52832_xxaa/SEGGER_RTT_printf.c.o
LOAD _build/nrf52832_xxaa/system_nrf52.c.o
LOAD _build/nrf52832_xxaa/nrf_esb.c.o
LOAD c:/ac6/gnu tools arm embedded/8 2019-q3-update/bin/../lib/gcc/arm-none-eabi/8.3.1/../../../../arm-none-eabi/lib/thumb/v7e-m+fp/hard\libc_nano.a
LOAD c:/ac6/gnu tools arm embedded/8 2019-q3-update/bin/../lib/gcc/arm-none-eabi/8.3.1/../../../../arm-none-eabi/lib/thumb/v7e-m+fp/hard\libnosys.a
LOAD c:/ac6/gnu tools arm embedded/8 2019-q3-update/bin/../lib/gcc/arm-none-eabi/8.3.1/../../../../arm-none-eabi/lib/thumb/v7e-m+fp/hard\libm.a
START GROUP
LOAD c:/ac6/gnu tools arm embedded/8 2019-q3-update/bin/../lib/gcc/arm-none-eabi/8.3.1/thumb/v7e-m+fp/hard\libgcc.a
LOAD c:/ac6/gnu tools arm embedded/8 2019-q3-update/bin/../lib/gcc/arm-none-eabi/8.3.1/../../../../arm-none-eabi/lib/thumb/v7e-m+fp/hard\libg_nano.a
LOAD c:/ac6/gnu tools arm embedded/8 2019-q3-update/bin/../lib/gcc/arm-none-eabi/8.3.1/../../../../arm-none-eabi/lib/thumb/v7e-m+fp/hard\libc_nano.a
END GROUP
START GROUP
LOAD c:/ac6/gnu tools arm embedded/8 2019-q3-update/bin/../lib/gcc/arm-none-eabi/8.3.1/thumb/v7e-m+fp/hard\libgcc.a
LOAD c:/ac6/gnu tools arm embedded/8 2019-q3-update/bin/../lib/gcc/arm-none-eabi/8.3.1/../../../../arm-none-eabi/lib/thumb/v7e-m+fp/hard\libc_nano.a
END GROUP
LOAD c:/ac6/gnu tools arm embedded/8 2019-q3-update/bin/../lib/gcc/arm-none-eabi/8.3.1/thumb/v7e-m+fp/hard/crtend.o
LOAD c:/ac6/gnu tools arm embedded/8 2019-q3-update/bin/../lib/gcc/arm-none-eabi/8.3.1/thumb/v7e-m+fp/hard/crtn.o
START GROUP
LOAD c:/ac6/gnu tools arm embedded/8 2019-q3-update/bin/../lib/gcc/arm-none-eabi/8.3.1/thumb/v7e-m+fp/hard\libgcc.a
LOAD c:/ac6/gnu tools arm embedded/8 2019-q3-update/bin/../lib/gcc/arm-none-eabi/8.3.1/../../../../arm-none-eabi/lib/thumb/v7e-m+fp/hard\libc.a
LOAD c:/ac6/gnu tools arm embedded/8 2019-q3-update/bin/../lib/gcc/arm-none-eabi/8.3.1/../../../../arm-none-eabi/lib/thumb/v7e-m+fp/hard\libnosys.a
END GROUP

.igot.plt       0x2000007c        0x0 load address 0x00002880
 .igot.plt      0x2000007c        0x0 c:/ac6/gnu tools arm embedded/8 2019-q3-update/bin/../lib/gcc/arm-none-eabi/8.3.1/thumb/v7e-m+fp/hard/crtbegin.o
                0x2000007c                . = ALIGN (0x4)

.mem_section_dummy_ram

.log_dynamic_data
                0x2000007c        0x0
                [!provide]                PROVIDE (__start_log_dynamic_data = .)
 *(SORT_BY_NAME(.log_dynamic_data*))
                [!provide]                PROVIDE (__stop_log_dynamic_data = .)

.log_filter_data
                0x2000007c        0x0
                [!provide]                PROVIDE (__start_log_filter_data = .)
 *(SORT_BY_NAME(.log_filter_data*))
                [!provide]                PROVIDE (__stop_log_filter_data = .)

.bss            0x2000007c      0x484 load address 0x00002880
                0x2000007c                . = ALIGN (0x4)
                0x2000007c                __bss_start__ = .
 *(.bss*)
 .bss           0x2000007c       0x1c c:/ac6/gnu tools arm embedded/8 2019-q3-update/bin/../lib/gcc/arm-none-eabi/8.3.1/thumb/v7e-m+fp/hard/crtbegin.o
 .bss.buf.8925  0x20000098       0x80 _build/nrf52832_xxaa/serial_dialog.c.o
 .bss.buffers   0x20000118       0x10 _build/nrf52832_xxaa/serial_dialog.c.o
 .bss.datas.8964
                0x20000128       0xff _build/nrf52832_xxaa/serial_dialog.c.o
 *fill*         0x20000227        0x1 
 .bss.index.8965
                0x20000228        0x2 _build/nrf52832_xxaa/serial_dialog.c.o
 *fill*         0x2000022a        0x2 
 .bss.initialized
                0x2000022c        0x4 _build/nrf52832_xxaa/serial_dialog.c.o
 .bss.reentrance_detection.8951
                0x20000230        0x4 _build/nrf52832_xxaa/serial_dialog.c.o
 .bss.rx_buf    0x20000234       0x80 _build/nrf52832_xxaa/serial_dialog.c.o
 .bss.size.8966
                0x200002b4        0x1 _build/nrf52832_xxaa/serial_dialog.c.o
 *fill*         0x200002b5        0x3 
 .bss.tx_buf    0x200002b8       0x80 _build/nrf52832_xxaa/serial_dialog.c.o
 .bss.m_in_critical_region
                0x20000338        0x4 _build/nrf52832_xxaa/app_util_platform.c.o
 .bss.m_event_handler
                0x2000033c        0x4 _build/nrf52832_xxaa/app_uart_fifo.c.o
 .bss.m_rx_fifo
                0x20000340       0x10 _build/nrf52832_xxaa/app_uart_fifo.c.o
 .bss.m_rx_ovf  0x20000350        0x1 _build/nrf52832_xxaa/app_uart_fifo.c.o
 *fill*         0x20000351        0x3 
 .bss.m_tx_fifo
                0x20000354       0x10 _build/nrf52832_xxaa/app_uart_fifo.c.o
 .bss.rx_buffer
                0x20000364        0x1 _build/nrf52832_xxaa/app_uart_fifo.c.o
 *fill*         0x20000365        0x3 
 .bss.tx_buffer
                0x20000368        0x1 _build/nrf52832_xxaa/app_uart_fifo.c.o
 *fill*         0x20000369        0x3 
 .bss.m_contexts
                0x2000036c        0x4 _build/nrf52832_xxaa/nrf_drv_uart.c.o
 .bss.m_handlers
                0x20000370        0x4 _build/nrf52832_xxaa/nrf_drv_uart.c.o
 .bss.m_prs_box_0
                0x20000374        0x8 _build/nrf52832_xxaa/nrfx_prs.c.o
 .bss.m_prs_box_1
                0x2000037c        0x8 _build/nrf52832_xxaa/nrfx_prs.c.o
 .bss.m_prs_box_2
                0x20000384        0x8 _build/nrf52832_xxaa/nrfx_prs.c.o
 .bss.m_prs_box_3
                0x2000038c        0x8 _build/nrf52832_xxaa/nrfx_prs.c.o
 .bss.m_prs_box_4
                0x20000394        0x8 _build/nrf52832_xxaa/nrfx_prs.c.o
 .bss.m_cb      0x2000039c       0x2c _build/nrf52832_xxaa/nrfx_uart.c.o
 .bss.m_cb      0x200003c8       0x24 _build/nrf52832_xxaa/nrfx_uarte.c.o
 .bss.m_cb      0x200003ec       0x30 _build/nrf52832_xxaa/nrfx_saadc.c.o
 .bss.m_cb      0x2000041c       0x3c _build/nrf52832_xxaa/nrfx_timer.c.o
 .bss.m_cb      0x20000458       0x5c _build/nrf52832_xxaa/nrfx_gpiote.c.o
 .bss.m_cb      0x200004b4       0x18 _build/nrf52832_xxaa/nrfx_pwm.c.o
 .bss.m_esb_initialized
                0x200004cc        0x1 _build/nrf52832_xxaa/nrf_esb.c.o
 *fill*         0x200004cd        0x3 
 .bss.m_event_handler
                0x200004d0        0x4 _build/nrf52832_xxaa/nrf_esb.c.o
 .bss.m_interrupt_flags
                0x200004d4        0x4 _build/nrf52832_xxaa/nrf_esb.c.o
 .bss.m_last_tx_attempts
                0x200004d8        0x4 _build/nrf52832_xxaa/nrf_esb.c.o
 .bss.on_radio_disabled
                0x200004dc        0x4 _build/nrf52832_xxaa/nrf_esb.c.o
 .bss.__malloc_free_list
                0x200004e0        0x4 c:/ac6/gnu tools arm embedded/8 2019-q3-update/bin/../lib/gcc/arm-none-eabi/8.3.1/../../../../arm-none-eabi/lib/thumb/v7e-m+fp/hard\libc_nano.a(lib_a-nano-mallocr.o)
                0x200004e0                __malloc_free_list
 .bss.__malloc_sbrk_start
                0x200004e4        0x4 c:/ac6/gnu tools arm embedded/8 2019-q3-update/bin/../lib/gcc/arm-none-eabi/8.3.1/../../../../arm-none-eabi/lib/thumb/v7e-m+fp/hard\libc_nano.a(lib_a-nano-mallocr.o)
                0x200004e4                __malloc_sbrk_start
 .bss.heap_end.5501
                0x200004e8        0x4 c:/ac6/gnu tools arm embedded/8 2019-q3-update/bin/../lib/gcc/arm-none-eabi/8.3.1/../../../../arm-none-eabi/lib/thumb/v7e-m+fp/hard\libnosys.a(sbrk.o)
 *(COMMON)
 COMMON         0x200004ec        0x1 _build/nrf52832_xxaa/nrf_drv_uart.c.o
                0x200004ec                nrf_drv_uart_use_easy_dma
 *fill*         0x200004ed        0x3 
 COMMON         0x200004f0        0x4 c:/ac6/gnu tools arm embedded/8 2019-q3-update/bin/../lib/gcc/arm-none-eabi/8.3.1/../../../../arm-none-eabi/lib/thumb/v7e-m+fp/hard\libc_nano.a(lib_a-reent.o)
                0x200004f0                errno
 COMMON         0x200004f4        0x9 c:/ac6/gnu tools arm embedded/8 2019-q3-update/bin/../lib/gcc/arm-none-eabi/8.3.1/../../../../arm-none-eabi/lib/thumb/v7e-m+fp/hard\libc_nano.a(lib_a-lock.o)
                0x200004f4                __lock___atexit_recursive_mutex
                0x200004f5                __lock___arc4random_mutex
                0x200004f6                __lock___env_recursive_mutex
                0x200004f7                __lock___sinit_recursive_mutex
                0x200004f8                __lock___malloc_recursive_mutex
                0x200004f9                __lock___at_quick_exit_mutex
                0x200004fa                __lock___dd_hash_mutex
                0x200004fb                __lock___tz_mutex
                0x200004fc                __lock___sfp_recursive_mutex
                0x20000500                . = ALIGN (0x4)
 *fill*         0x200004fd        0x3 
                0x20000500                __bss_end__ = .

.heap           0x20000500     0x2000
                0x20000500                __HeapBase = .
                0x20000500                __end__ = .
                0x20000500                PROVIDE (end = .)
 *(.heap*)
 .heap          0x20000500     0x2000 _build/nrf52832_xxaa/gcc_startup_nrf52.S.o
                0x20002500                __HeapLimit = .

.stack_dummy    0x20000500     0x2000
 *(.stack*)
 .stack         0x20000500     0x2000 _build/nrf52832_xxaa/gcc_startup_nrf52.S.o
                0x20010000                __StackTop = (ORIGIN (RAM) + LENGTH (RAM))
                0x2000e000                __StackLimit = (__StackTop - SIZEOF (.stack_dummy))
                0x20010000                PROVIDE (__stack = __StackTop)
                0x00000001                ASSERT ((__StackLimit >= __HeapLimit), region RAM overflowed with stack)
                0x0000007c                DataInitFlashUsed = (__bss_start__ - __data_start__)
                0x00002804                CodeFlashUsed = (__etext - ORIGIN (FLASH))
                0x00002880                TotalFlashUsed = (CodeFlashUsed + DataInitFlashUsed)
                0x00000001                ASSERT ((TotalFlashUsed <= LENGTH (FLASH)), region FLASH overflowed with .data and user data)
OUTPUT(_build/nrf52832_xxaa.out elf32-littlearm)

.ARM.attributes
                0x00000000       0x30
 .ARM.attributes
                0x00000000       0x1e c:/ac6/gnu tools arm embedded/8 2019-q3-update/bin/../lib/gcc/arm-none-eabi/8.3.1/thumb/v7e-m+fp/hard/crti.o
 .ARM.attributes
                0x0000001e       0x34 c:/ac6/gnu tools arm embedded/8 2019-q3-update/bin/../lib/gcc/arm-none-eabi/8.3.1/thumb/v7e-m+fp/hard/crtbegin.o
 .ARM.attributes
                0x00000052       0x1c c:/ac6/gnu tools arm embedded/8 2019-q3-update/bin/../lib/gcc/arm-none-eabi/8.3.1/../../../../arm-none-eabi/lib/thumb/v7e-m+fp/hard/crt0.o
 .ARM.attributes
                0x0000006e       0x34 _build/nrf52832_xxaa/main.c.o
 .ARM.attributes
                0x000000a2       0x34 _build/nrf52832_xxaa/secretary.c.o
 .ARM.attributes
                0x000000d6       0x34 _build/nrf52832_xxaa/serial_dialog.c.o
 .ARM.attributes
                0x0000010a       0x20 _build/nrf52832_xxaa/gcc_startup_nrf52.S.o
 .ARM.attributes
                0x0000012a       0x34 _build/nrf52832_xxaa/app_error.c.o
 .ARM.attributes
                0x0000015e       0x34 _build/nrf52832_xxaa/app_error_weak.c.o
 .ARM.attributes
                0x00000192       0x34 _build/nrf52832_xxaa/app_util_platform.c.o
 .ARM.attributes
                0x000001c6       0x34 _build/nrf52832_xxaa/app_fifo.c.o
 .ARM.attributes
                0x000001fa       0x34 _build/nrf52832_xxaa/app_uart_fifo.c.o
 .ARM.attributes
                0x0000022e       0x34 _build/nrf52832_xxaa/nrf_drv_uart.c.o
 .ARM.attributes
                0x00000262       0x34 _build/nrf52832_xxaa/nrfx_systick.c.o
 .ARM.attributes
                0x00000296       0x34 _build/nrf52832_xxaa/nrfx_prs.c.o
 .ARM.attributes
                0x000002ca       0x34 _build/nrf52832_xxaa/nrfx_uart.c.o
 .ARM.attributes
                0x000002fe       0x34 _build/nrf52832_xxaa/nrfx_uarte.c.o
 .ARM.attributes
                0x00000332       0x34 _build/nrf52832_xxaa/nrfx_saadc.c.o
 .ARM.attributes
                0x00000366       0x34 _build/nrf52832_xxaa/nrfx_timer.c.o
 .ARM.attributes
                0x0000039a       0x34 _build/nrf52832_xxaa/nrfx_gpiote.c.o
 .ARM.attributes
                0x000003ce       0x34 _build/nrf52832_xxaa/nrfx_pwm.c.o
 .ARM.attributes
                0x00000402       0x34 _build/nrf52832_xxaa/system_nrf52.c.o
 .ARM.attributes
                0x00000436       0x34 _build/nrf52832_xxaa/nrf_esb.c.o
 .ARM.attributes
                0x0000046a       0x34 c:/ac6/gnu tools arm embedded/8 2019-q3-update/bin/../lib/gcc/arm-none-eabi/8.3.1/../../../../arm-none-eabi/lib/thumb/v7e-m+fp/hard\libc_nano.a(lib_a-exit.o)
 .ARM.attributes
                0x0000049e       0x32 c:/ac6/gnu tools arm embedded/8 2019-q3-update/bin/../lib/gcc/arm-none-eabi/8.3.1/../../../../arm-none-eabi/lib/thumb/v7e-m+fp/hard\libc_nano.a(lib_a-impure.o)
 .ARM.attributes
                0x000004d0       0x34 c:/ac6/gnu tools arm embedded/8 2019-q3-update/bin/../lib/gcc/arm-none-eabi/8.3.1/../../../../arm-none-eabi/lib/thumb/v7e-m+fp/hard\libc_nano.a(lib_a-init.o)
 .ARM.attributes
                0x00000504       0x34 c:/ac6/gnu tools arm embedded/8 2019-q3-update/bin/../lib/gcc/arm-none-eabi/8.3.1/../../../../arm-none-eabi/lib/thumb/v7e-m+fp/hard\libc_nano.a(lib_a-memcpy-stub.o)
 .ARM.attributes
                0x00000538       0x34 c:/ac6/gnu tools arm embedded/8 2019-q3-update/bin/../lib/gcc/arm-none-eabi/8.3.1/../../../../arm-none-eabi/lib/thumb/v7e-m+fp/hard\libc_nano.a(lib_a-memset.o)
 .ARM.attributes
                0x0000056c       0x34 c:/ac6/gnu tools arm embedded/8 2019-q3-update/bin/../lib/gcc/arm-none-eabi/8.3.1/../../../../arm-none-eabi/lib/thumb/v7e-m+fp/hard\libc_nano.a(lib_a-vsnprintf.o)
 .ARM.attributes
                0x000005a0       0x34 c:/ac6/gnu tools arm embedded/8 2019-q3-update/bin/../lib/gcc/arm-none-eabi/8.3.1/../../../../arm-none-eabi/lib/thumb/v7e-m+fp/hard\libc_nano.a(lib_a-nano-svfprintf.o)
 .ARM.attributes
                0x000005d4       0x34 c:/ac6/gnu tools arm embedded/8 2019-q3-update/bin/../lib/gcc/arm-none-eabi/8.3.1/../../../../arm-none-eabi/lib/thumb/v7e-m+fp/hard\libc_nano.a(lib_a-nano-vfprintf_i.o)
 .ARM.attributes
                0x00000608       0x1c c:/ac6/gnu tools arm embedded/8 2019-q3-update/bin/../lib/gcc/arm-none-eabi/8.3.1/../../../../arm-none-eabi/lib/thumb/v7e-m+fp/hard\libc_nano.a(lib_a-memchr.o)
 .ARM.attributes
                0x00000624       0x34 c:/ac6/gnu tools arm embedded/8 2019-q3-update/bin/../lib/gcc/arm-none-eabi/8.3.1/../../../../arm-none-eabi/lib/thumb/v7e-m+fp/hard\libc_nano.a(lib_a-memmove.o)
 .ARM.attributes
                0x00000658       0x34 c:/ac6/gnu tools arm embedded/8 2019-q3-update/bin/../lib/gcc/arm-none-eabi/8.3.1/../../../../arm-none-eabi/lib/thumb/v7e-m+fp/hard\libc_nano.a(lib_a-nano-freer.o)
 .ARM.attributes
                0x0000068c       0x34 c:/ac6/gnu tools arm embedded/8 2019-q3-update/bin/../lib/gcc/arm-none-eabi/8.3.1/../../../../arm-none-eabi/lib/thumb/v7e-m+fp/hard\libc_nano.a(lib_a-nano-mallocr.o)
 .ARM.attributes
                0x000006c0       0x34 c:/ac6/gnu tools arm embedded/8 2019-q3-update/bin/../lib/gcc/arm-none-eabi/8.3.1/../../../../arm-none-eabi/lib/thumb/v7e-m+fp/hard\libc_nano.a(lib_a-nano-reallocr.o)
 .ARM.attributes
                0x000006f4       0x34 c:/ac6/gnu tools arm embedded/8 2019-q3-update/bin/../lib/gcc/arm-none-eabi/8.3.1/../../../../arm-none-eabi/lib/thumb/v7e-m+fp/hard\libc_nano.a(lib_a-sbrkr.o)
 .ARM.attributes
                0x00000728       0x34 c:/ac6/gnu tools arm embedded/8 2019-q3-update/bin/../lib/gcc/arm-none-eabi/8.3.1/../../../../arm-none-eabi/lib/thumb/v7e-m+fp/hard\libc_nano.a(lib_a-mlock.o)
 .ARM.attributes
                0x0000075c       0x34 c:/ac6/gnu tools arm embedded/8 2019-q3-update/bin/../lib/gcc/arm-none-eabi/8.3.1/../../../../arm-none-eabi/lib/thumb/v7e-m+fp/hard\libc_nano.a(lib_a-nano-msizer.o)
 .ARM.attributes
                0x00000790       0x34 c:/ac6/gnu tools arm embedded/8 2019-q3-update/bin/../lib/gcc/arm-none-eabi/8.3.1/../../../../arm-none-eabi/lib/thumb/v7e-m+fp/hard\libc_nano.a(lib_a-reent.o)
 .ARM.attributes
                0x000007c4       0x34 c:/ac6/gnu tools arm embedded/8 2019-q3-update/bin/../lib/gcc/arm-none-eabi/8.3.1/../../../../arm-none-eabi/lib/thumb/v7e-m+fp/hard\libc_nano.a(lib_a-lock.o)
 .ARM.attributes
                0x000007f8       0x34 c:/ac6/gnu tools arm embedded/8 2019-q3-update/bin/../lib/gcc/arm-none-eabi/8.3.1/../../../../arm-none-eabi/lib/thumb/v7e-m+fp/hard\libnosys.a(sbrk.o)
 .ARM.attributes
                0x0000082c       0x34 c:/ac6/gnu tools arm embedded/8 2019-q3-update/bin/../lib/gcc/arm-none-eabi/8.3.1/../../../../arm-none-eabi/lib/thumb/v7e-m+fp/hard\libnosys.a(_exit.o)
 .ARM.attributes
                0x00000860       0x32 c:/ac6/gnu tools arm embedded/8 2019-q3-update/bin/../lib/gcc/arm-none-eabi/8.3.1/thumb/v7e-m+fp/hard/crtend.o
 .ARM.attributes
                0x00000892       0x1e c:/ac6/gnu tools arm embedded/8 2019-q3-update/bin/../lib/gcc/arm-none-eabi/8.3.1/thumb/v7e-m+fp/hard/crtn.o

.comment        0x00000000       0x76
 .comment       0x00000000       0x76 _build/nrf52832_xxaa/main.c.o
                                 0x77 (size before relaxing)
 .comment       0x00000076       0x77 _build/nrf52832_xxaa/secretary.c.o
 .comment       0x00000076       0x77 _build/nrf52832_xxaa/serial_dialog.c.o
 .comment       0x00000076       0x77 _build/nrf52832_xxaa/app_error.c.o
 .comment       0x00000076       0x77 _build/nrf52832_xxaa/app_error_weak.c.o
 .comment       0x00000076       0x77 _build/nrf52832_xxaa/app_util_platform.c.o
 .comment       0x00000076       0x77 _build/nrf52832_xxaa/app_fifo.c.o
 .comment       0x00000076       0x77 _build/nrf52832_xxaa/app_uart_fifo.c.o
 .comment       0x00000076       0x77 _build/nrf52832_xxaa/nrf_drv_uart.c.o
 .comment       0x00000076       0x77 _build/nrf52832_xxaa/nrfx_systick.c.o
 .comment       0x00000076       0x77 _build/nrf52832_xxaa/nrfx_prs.c.o
 .comment       0x00000076       0x77 _build/nrf52832_xxaa/nrfx_uart.c.o
 .comment       0x00000076       0x77 _build/nrf52832_xxaa/nrfx_uarte.c.o
 .comment       0x00000076       0x77 _build/nrf52832_xxaa/nrfx_saadc.c.o
 .comment       0x00000076       0x77 _build/nrf52832_xxaa/nrfx_timer.c.o
 .comment       0x00000076       0x77 _build/nrf52832_xxaa/nrfx_gpiote.c.o
 .comment       0x00000076       0x77 _build/nrf52832_xxaa/nrfx_pwm.c.o
 .comment       0x00000076       0x77 _build/nrf52832_xxaa/system_nrf52.c.o
 .comment       0x00000076       0x77 _build/nrf52832_xxaa/nrf_esb.c.o

.debug_info     0x00000000    0x26512
 .debug_info    0x00000000     0x144d _build/nrf52832_xxaa/main.c.o
 .debug_info    0x0000144d     0x12aa _build/nrf52832_xxaa/secretary.c.o
 .debug_info    0x000026f7     0x1162 _build/nrf52832_xxaa/serial_dialog.c.o
 .debug_info    0x00003859       0x26 _build/nrf52832_xxaa/gcc_startup_nrf52.S.o
 .debug_info    0x0000387f      0xb8e _build/nrf52832_xxaa/app_error.c.o
 .debug_info    0x0000440d      0xf2e _build/nrf52832_xxaa/app_error_weak.c.o
 .debug_info    0x0000533b     0x109b _build/nrf52832_xxaa/app_util_platform.c.o
 .debug_info    0x000063d6     0x1003 _build/nrf52832_xxaa/app_fifo.c.o
 .debug_info    0x000073d9     0x1e11 _build/nrf52832_xxaa/app_uart_fifo.c.o
 .debug_info    0x000091ea     0x1a62 _build/nrf52832_xxaa/nrf_drv_uart.c.o
 .debug_info    0x0000ac4c      0xdb3 _build/nrf52832_xxaa/nrfx_systick.c.o
 .debug_info    0x0000b9ff     0x17b9 _build/nrf52832_xxaa/nrfx_prs.c.o
 .debug_info    0x0000d1b8     0x3ccc _build/nrf52832_xxaa/nrfx_uart.c.o
 .debug_info    0x00010e84     0x3ffb _build/nrf52832_xxaa/nrfx_uarte.c.o
 .debug_info    0x00014e7f     0x31b1 _build/nrf52832_xxaa/nrfx_saadc.c.o
 .debug_info    0x00018030     0x26b1 _build/nrf52832_xxaa/nrfx_timer.c.o
 .debug_info    0x0001a6e1     0x4001 _build/nrf52832_xxaa/nrfx_gpiote.c.o
 .debug_info    0x0001e6e2     0x3421 _build/nrf52832_xxaa/nrfx_pwm.c.o
 .debug_info    0x00021b03     0x144a _build/nrf52832_xxaa/system_nrf52.c.o
 .debug_info    0x00022f4d     0x35c5 _build/nrf52832_xxaa/nrf_esb.c.o

.debug_abbrev   0x00000000     0x4bb3
 .debug_abbrev  0x00000000      0x3dc _build/nrf52832_xxaa/main.c.o
 .debug_abbrev  0x000003dc      0x325 _build/nrf52832_xxaa/secretary.c.o
 .debug_abbrev  0x00000701      0x3a0 _build/nrf52832_xxaa/serial_dialog.c.o
 .debug_abbrev  0x00000aa1       0x14 _build/nrf52832_xxaa/gcc_startup_nrf52.S.o
 .debug_abbrev  0x00000ab5      0x262 _build/nrf52832_xxaa/app_error.c.o
 .debug_abbrev  0x00000d17      0x2c6 _build/nrf52832_xxaa/app_error_weak.c.o
 .debug_abbrev  0x00000fdd      0x370 _build/nrf52832_xxaa/app_util_platform.c.o
 .debug_abbrev  0x0000134d      0x2a9 _build/nrf52832_xxaa/app_fifo.c.o
 .debug_abbrev  0x000015f6      0x3d4 _build/nrf52832_xxaa/app_uart_fifo.c.o
 .debug_abbrev  0x000019ca      0x2da _build/nrf52832_xxaa/nrf_drv_uart.c.o
 .debug_abbrev  0x00001ca4      0x346 _build/nrf52832_xxaa/nrfx_systick.c.o
 .debug_abbrev  0x00001fea      0x314 _build/nrf52832_xxaa/nrfx_prs.c.o
 .debug_abbrev  0x000022fe      0x5ac _build/nrf52832_xxaa/nrfx_uart.c.o
 .debug_abbrev  0x000028aa      0x560 _build/nrf52832_xxaa/nrfx_uarte.c.o
 .debug_abbrev  0x00002e0a      0x55b _build/nrf52832_xxaa/nrfx_saadc.c.o
 .debug_abbrev  0x00003365      0x4ae _build/nrf52832_xxaa/nrfx_timer.c.o
 .debug_abbrev  0x00003813      0x5ef _build/nrf52832_xxaa/nrfx_gpiote.c.o
 .debug_abbrev  0x00003e02      0x564 _build/nrf52832_xxaa/nrfx_pwm.c.o
 .debug_abbrev  0x00004366      0x234 _build/nrf52832_xxaa/system_nrf52.c.o
 .debug_abbrev  0x0000459a      0x619 _build/nrf52832_xxaa/nrf_esb.c.o

.debug_loc      0x00000000     0xb873
 .debug_loc     0x00000000      0x1e4 _build/nrf52832_xxaa/main.c.o
 .debug_loc     0x000001e4      0x169 _build/nrf52832_xxaa/secretary.c.o
 .debug_loc     0x0000034d      0x357 _build/nrf52832_xxaa/serial_dialog.c.o
 .debug_loc     0x000006a4       0x97 _build/nrf52832_xxaa/app_error.c.o
 .debug_loc     0x0000073b       0x4a _build/nrf52832_xxaa/app_error_weak.c.o
 .debug_loc     0x00000785      0x16a _build/nrf52832_xxaa/app_util_platform.c.o
 .debug_loc     0x000008ef      0x6fc _build/nrf52832_xxaa/app_fifo.c.o
 .debug_loc     0x00000feb      0x7f2 _build/nrf52832_xxaa/app_uart_fifo.c.o
 .debug_loc     0x000017dd      0x202 _build/nrf52832_xxaa/nrf_drv_uart.c.o
 .debug_loc     0x000019df      0x18e _build/nrf52832_xxaa/nrfx_systick.c.o
 .debug_loc     0x00001b6d      0x1a3 _build/nrf52832_xxaa/nrfx_prs.c.o
 .debug_loc     0x00001d10     0x19ed _build/nrf52832_xxaa/nrfx_uart.c.o
 .debug_loc     0x000036fd     0x1c86 _build/nrf52832_xxaa/nrfx_uarte.c.o
 .debug_loc     0x00005383      0xe26 _build/nrf52832_xxaa/nrfx_saadc.c.o
 .debug_loc     0x000061a9      0xc55 _build/nrf52832_xxaa/nrfx_timer.c.o
 .debug_loc     0x00006dfe     0x2199 _build/nrf52832_xxaa/nrfx_gpiote.c.o
 .debug_loc     0x00008f97     0x1596 _build/nrf52832_xxaa/nrfx_pwm.c.o
 .debug_loc     0x0000a52d      0x26f _build/nrf52832_xxaa/system_nrf52.c.o
 .debug_loc     0x0000a79c     0x10d7 _build/nrf52832_xxaa/nrf_esb.c.o

.debug_aranges  0x00000000      0x978
 .debug_aranges
                0x00000000       0x38 _build/nrf52832_xxaa/main.c.o
 .debug_aranges
                0x00000038       0x40 _build/nrf52832_xxaa/secretary.c.o
 .debug_aranges
                0x00000078       0x68 _build/nrf52832_xxaa/serial_dialog.c.o
 .debug_aranges
                0x000000e0       0x20 _build/nrf52832_xxaa/gcc_startup_nrf52.S.o
 .debug_aranges
                0x00000100       0x28 _build/nrf52832_xxaa/app_error.c.o
 .debug_aranges
                0x00000128       0x20 _build/nrf52832_xxaa/app_error_weak.c.o
 .debug_aranges
                0x00000148       0x48 _build/nrf52832_xxaa/app_util_platform.c.o
 .debug_aranges
                0x00000190       0x50 _build/nrf52832_xxaa/app_fifo.c.o
 .debug_aranges
                0x000001e0       0x48 _build/nrf52832_xxaa/app_uart_fifo.c.o
 .debug_aranges
                0x00000228       0x30 _build/nrf52832_xxaa/nrf_drv_uart.c.o
 .debug_aranges
                0x00000258       0x48 _build/nrf52832_xxaa/nrfx_systick.c.o
 .debug_aranges
                0x000002a0       0x58 _build/nrf52832_xxaa/nrfx_prs.c.o
 .debug_aranges
                0x000002f8       0xd0 _build/nrf52832_xxaa/nrfx_uart.c.o
 .debug_aranges
                0x000003c8       0xa0 _build/nrf52832_xxaa/nrfx_uarte.c.o
 .debug_aranges
                0x00000468       0x80 _build/nrf52832_xxaa/nrfx_saadc.c.o
 .debug_aranges
                0x000004e8       0xb8 _build/nrf52832_xxaa/nrfx_timer.c.o
 .debug_aranges
                0x000005a0      0x128 _build/nrf52832_xxaa/nrfx_gpiote.c.o
 .debug_aranges
                0x000006c8       0x78 _build/nrf52832_xxaa/nrfx_pwm.c.o
 .debug_aranges
                0x00000740       0x80 _build/nrf52832_xxaa/system_nrf52.c.o
 .debug_aranges
                0x000007c0      0x1b8 _build/nrf52832_xxaa/nrf_esb.c.o

.debug_ranges   0x00000000     0x13b0
 .debug_ranges  0x00000000       0xa8 _build/nrf52832_xxaa/main.c.o
 .debug_ranges  0x000000a8       0x30 _build/nrf52832_xxaa/secretary.c.o
 .debug_ranges  0x000000d8       0x58 _build/nrf52832_xxaa/serial_dialog.c.o
 .debug_ranges  0x00000130       0x18 _build/nrf52832_xxaa/app_error.c.o
 .debug_ranges  0x00000148       0x10 _build/nrf52832_xxaa/app_error_weak.c.o
 .debug_ranges  0x00000158       0x50 _build/nrf52832_xxaa/app_util_platform.c.o
 .debug_ranges  0x000001a8       0x40 _build/nrf52832_xxaa/app_fifo.c.o
 .debug_ranges  0x000001e8       0x38 _build/nrf52832_xxaa/app_uart_fifo.c.o
 .debug_ranges  0x00000220       0x20 _build/nrf52832_xxaa/nrf_drv_uart.c.o
 .debug_ranges  0x00000240       0x38 _build/nrf52832_xxaa/nrfx_systick.c.o
 .debug_ranges  0x00000278       0x60 _build/nrf52832_xxaa/nrfx_prs.c.o
 .debug_ranges  0x000002d8      0x288 _build/nrf52832_xxaa/nrfx_uart.c.o
 .debug_ranges  0x00000560      0x240 _build/nrf52832_xxaa/nrfx_uarte.c.o
 .debug_ranges  0x000007a0      0x138 _build/nrf52832_xxaa/nrfx_saadc.c.o
 .debug_ranges  0x000008d8       0xf8 _build/nrf52832_xxaa/nrfx_timer.c.o
 .debug_ranges  0x000009d0      0x580 _build/nrf52832_xxaa/nrfx_gpiote.c.o
 .debug_ranges  0x00000f50      0x190 _build/nrf52832_xxaa/nrfx_pwm.c.o
 .debug_ranges  0x000010e0       0x70 _build/nrf52832_xxaa/system_nrf52.c.o
 .debug_ranges  0x00001150      0x260 _build/nrf52832_xxaa/nrf_esb.c.o

.debug_macro    0x00000000    0x18f26
 .debug_macro   0x00000000      0x449 _build/nrf52832_xxaa/main.c.o
 .debug_macro   0x00000449      0xac0 _build/nrf52832_xxaa/main.c.o
 .debug_macro   0x00000f09       0x22 _build/nrf52832_xxaa/main.c.o
 .debug_macro   0x00000f2b       0x22 _build/nrf52832_xxaa/main.c.o
 .debug_macro   0x00000f4d       0x56 _build/nrf52832_xxaa/main.c.o
 .debug_macro   0x00000fa3       0x51 _build/nrf52832_xxaa/main.c.o
 .debug_macro   0x00000ff4      0x103 _build/nrf52832_xxaa/main.c.o
 .debug_macro   0x000010f7       0x6a _build/nrf52832_xxaa/main.c.o
 .debug_macro   0x00001161      0x1df _build/nrf52832_xxaa/main.c.o
 .debug_macro   0x00001340       0x5e _build/nrf52832_xxaa/main.c.o
 .debug_macro   0x0000139e       0x18 _build/nrf52832_xxaa/main.c.o
 .debug_macro   0x000013b6       0x35 _build/nrf52832_xxaa/main.c.o
 .debug_macro   0x000013eb       0x34 _build/nrf52832_xxaa/main.c.o
 .debug_macro   0x0000141f      0x16d _build/nrf52832_xxaa/main.c.o
 .debug_macro   0x0000158c       0x16 _build/nrf52832_xxaa/main.c.o
 .debug_macro   0x000015a2       0x43 _build/nrf52832_xxaa/main.c.o
 .debug_macro   0x000015e5       0x34 _build/nrf52832_xxaa/main.c.o
 .debug_macro   0x00001619       0x10 _build/nrf52832_xxaa/main.c.o
 .debug_macro   0x00001629       0x58 _build/nrf52832_xxaa/main.c.o
 .debug_macro   0x00001681      0x182 _build/nrf52832_xxaa/main.c.o
 .debug_macro   0x00001803      0x35c _build/nrf52832_xxaa/main.c.o
 .debug_macro   0x00001b5f       0x10 _build/nrf52832_xxaa/main.c.o
 .debug_macro   0x00001b6f       0x35 _build/nrf52832_xxaa/main.c.o
 .debug_macro   0x00001ba4       0x16 _build/nrf52832_xxaa/main.c.o
 .debug_macro   0x00001bba       0xbe _build/nrf52832_xxaa/main.c.o
 .debug_macro   0x00001c78      0x4fe _build/nrf52832_xxaa/main.c.o
 .debug_macro   0x00002176       0x1c _build/nrf52832_xxaa/main.c.o
 .debug_macro   0x00002192       0x10 _build/nrf52832_xxaa/main.c.o
 .debug_macro   0x000021a2       0x16 _build/nrf52832_xxaa/main.c.o
 .debug_macro   0x000021b8      0x114 _build/nrf52832_xxaa/main.c.o
 .debug_macro   0x000022cc       0x70 _build/nrf52832_xxaa/main.c.o
 .debug_macro   0x0000233c       0x3b _build/nrf52832_xxaa/main.c.o
 .debug_macro   0x00002377       0x1c _build/nrf52832_xxaa/main.c.o
 .debug_macro   0x00002393       0x22 _build/nrf52832_xxaa/main.c.o
 .debug_macro   0x000023b5       0xfb _build/nrf52832_xxaa/main.c.o
 .debug_macro   0x000024b0     0x1011 _build/nrf52832_xxaa/main.c.o
 .debug_macro   0x000034c1      0x11f _build/nrf52832_xxaa/main.c.o
 .debug_macro   0x000035e0      0x392 _build/nrf52832_xxaa/main.c.o
 .debug_macro   0x00003972     0xccbe _build/nrf52832_xxaa/main.c.o
 .debug_macro   0x00010630       0x9a _build/nrf52832_xxaa/main.c.o
 .debug_macro   0x000106ca      0x7a0 _build/nrf52832_xxaa/main.c.o
 .debug_macro   0x00010e6a       0x94 _build/nrf52832_xxaa/main.c.o
 .debug_macro   0x00010efe      0x7a6 _build/nrf52832_xxaa/main.c.o
 .debug_macro   0x000116a4      0x16d _build/nrf52832_xxaa/main.c.o
 .debug_macro   0x00011811       0x40 _build/nrf52832_xxaa/main.c.o
 .debug_macro   0x00011851       0x22 _build/nrf52832_xxaa/main.c.o
 .debug_macro   0x00011873       0xad _build/nrf52832_xxaa/main.c.o
 .debug_macro   0x00011920       0x22 _build/nrf52832_xxaa/main.c.o
 .debug_macro   0x00011942     0x1325 _build/nrf52832_xxaa/main.c.o
 .debug_macro   0x00012c67       0x82 _build/nrf52832_xxaa/main.c.o
 .debug_macro   0x00012ce9      0x7bc _build/nrf52832_xxaa/main.c.o
 .debug_macro   0x000134a5       0x16 _build/nrf52832_xxaa/main.c.o
 .debug_macro   0x000134bb       0x55 _build/nrf52832_xxaa/main.c.o
 .debug_macro   0x00013510      0x3dc _build/nrf52832_xxaa/main.c.o
 .debug_macro   0x000138ec       0x59 _build/nrf52832_xxaa/main.c.o
 .debug_macro   0x00013945      0x137 _build/nrf52832_xxaa/main.c.o
 .debug_macro   0x00013a7c       0xda _build/nrf52832_xxaa/main.c.o
 .debug_macro   0x00013b56       0x3f _build/nrf52832_xxaa/main.c.o
 .debug_macro   0x00013b95       0x49 _build/nrf52832_xxaa/main.c.o
 .debug_macro   0x00013bde       0x8c _build/nrf52832_xxaa/main.c.o
 .debug_macro   0x00013c6a       0x19 _build/nrf52832_xxaa/main.c.o
 .debug_macro   0x00013c83       0x1d _build/nrf52832_xxaa/main.c.o
 .debug_macro   0x00013ca0       0x35 _build/nrf52832_xxaa/main.c.o
 .debug_macro   0x00013cd5       0x7b _build/nrf52832_xxaa/main.c.o
 .debug_macro   0x00013d50       0x3a _build/nrf52832_xxaa/main.c.o
 .debug_macro   0x00013d8a       0x1c _build/nrf52832_xxaa/main.c.o
 .debug_macro   0x00013da6       0x1c _build/nrf52832_xxaa/main.c.o
 .debug_macro   0x00013dc2       0x20 _build/nrf52832_xxaa/main.c.o
 .debug_macro   0x00013de2       0x10 _build/nrf52832_xxaa/main.c.o
 .debug_macro   0x00013df2       0x22 _build/nrf52832_xxaa/main.c.o
 .debug_macro   0x00013e14       0x37 _build/nrf52832_xxaa/main.c.o
 .debug_macro   0x00013e4b       0x1d _build/nrf52832_xxaa/main.c.o
 .debug_macro   0x00013e68       0x1c _build/nrf52832_xxaa/main.c.o
 .debug_macro   0x00013e84       0x10 _build/nrf52832_xxaa/main.c.o
 .debug_macro   0x00013e94       0x22 _build/nrf52832_xxaa/main.c.o
 .debug_macro   0x00013eb6       0xe8 _build/nrf52832_xxaa/main.c.o
 .debug_macro   0x00013f9e       0x16 _build/nrf52832_xxaa/main.c.o
 .debug_macro   0x00013fb4      0x433 _build/nrf52832_xxaa/secretary.c.o
 .debug_macro   0x000143e7       0xe2 _build/nrf52832_xxaa/secretary.c.o
 .debug_macro   0x000144c9       0x16 _build/nrf52832_xxaa/secretary.c.o
 .debug_macro   0x000144df       0x31 _build/nrf52832_xxaa/secretary.c.o
 .debug_macro   0x00014510       0x16 _build/nrf52832_xxaa/secretary.c.o
 .debug_macro   0x00014526       0x55 _build/nrf52832_xxaa/secretary.c.o
 .debug_macro   0x0001457b      0x17f _build/nrf52832_xxaa/secretary.c.o
 .debug_macro   0x000146fa       0x9a _build/nrf52832_xxaa/secretary.c.o
 .debug_macro   0x00014794       0x28 _build/nrf52832_xxaa/secretary.c.o
 .debug_macro   0x000147bc       0x23 _build/nrf52832_xxaa/secretary.c.o
 .debug_macro   0x000147df       0x45 _build/nrf52832_xxaa/secretary.c.o
 .debug_macro   0x00014824       0xac _build/nrf52832_xxaa/secretary.c.o
 .debug_macro   0x000148d0      0x3ef _build/nrf52832_xxaa/serial_dialog.c.o
 .debug_macro   0x00014cbf       0x5b _build/nrf52832_xxaa/serial_dialog.c.o
 .debug_macro   0x00014d1a       0x18 _build/nrf52832_xxaa/serial_dialog.c.o
 .debug_macro   0x00014d32       0x10 _build/nrf52832_xxaa/serial_dialog.c.o
 .debug_macro   0x00014d42       0x52 _build/nrf52832_xxaa/serial_dialog.c.o
 .debug_macro   0x00014d94      0x21d _build/nrf52832_xxaa/app_error.c.o
 .debug_macro   0x00014fb1      0x312 _build/nrf52832_xxaa/app_error_weak.c.o
 .debug_macro   0x000152c3       0x92 _build/nrf52832_xxaa/app_error_weak.c.o
 .debug_macro   0x00015355      0x239 _build/nrf52832_xxaa/app_util_platform.c.o
 .debug_macro   0x0001558e       0xe9 _build/nrf52832_xxaa/app_util_platform.c.o
 .debug_macro   0x00015677      0x24c _build/nrf52832_xxaa/app_fifo.c.o
 .debug_macro   0x000158c3       0x16 _build/nrf52832_xxaa/app_fifo.c.o
 .debug_macro   0x000158d9       0x22 _build/nrf52832_xxaa/app_fifo.c.o
 .debug_macro   0x000158fb      0x3d7 _build/nrf52832_xxaa/app_uart_fifo.c.o
 .debug_macro   0x00015cd2      0x642 _build/nrf52832_xxaa/app_uart_fifo.c.o
 .debug_macro   0x00016314      0x12b _build/nrf52832_xxaa/app_uart_fifo.c.o
 .debug_macro   0x0001643f       0x10 _build/nrf52832_xxaa/app_uart_fifo.c.o
 .debug_macro   0x0001644f      0x123 _build/nrf52832_xxaa/app_uart_fifo.c.o
 .debug_macro   0x00016572      0x36b _build/nrf52832_xxaa/nrf_drv_uart.c.o
 .debug_macro   0x000168dd       0x10 _build/nrf52832_xxaa/nrf_drv_uart.c.o
 .debug_macro   0x000168ed       0x10 _build/nrf52832_xxaa/nrf_drv_uart.c.o
 .debug_macro   0x000168fd       0x10 _build/nrf52832_xxaa/nrf_drv_uart.c.o
 .debug_macro   0x0001690d       0x3f _build/nrf52832_xxaa/nrf_drv_uart.c.o
 .debug_macro   0x0001694c      0x34c _build/nrf52832_xxaa/nrfx_systick.c.o
 .debug_macro   0x00016c98      0x3d7 _build/nrf52832_xxaa/nrfx_prs.c.o
 .debug_macro   0x0001706f       0x28 _build/nrf52832_xxaa/nrfx_prs.c.o
 .debug_macro   0x00017097       0x1c _build/nrf52832_xxaa/nrfx_prs.c.o
 .debug_macro   0x000170b3       0x10 _build/nrf52832_xxaa/nrfx_prs.c.o
 .debug_macro   0x000170c3       0x42 _build/nrf52832_xxaa/nrfx_prs.c.o
 .debug_macro   0x00017105      0x3f2 _build/nrf52832_xxaa/nrfx_uart.c.o
 .debug_macro   0x000174f7      0x410 _build/nrf52832_xxaa/nrfx_uarte.c.o
 .debug_macro   0x00017907      0x3fe _build/nrf52832_xxaa/nrfx_saadc.c.o
 .debug_macro   0x00017d05      0x3e2 _build/nrf52832_xxaa/nrfx_timer.c.o
 .debug_macro   0x000180e7       0x22 _build/nrf52832_xxaa/nrfx_timer.c.o
 .debug_macro   0x00018109       0x10 _build/nrf52832_xxaa/nrfx_timer.c.o
 .debug_macro   0x00018119      0x428 _build/nrf52832_xxaa/nrfx_gpiote.c.o
 .debug_macro   0x00018541       0x17 _build/nrf52832_xxaa/nrfx_gpiote.c.o
 .debug_macro   0x00018558       0x45 _build/nrf52832_xxaa/nrfx_gpiote.c.o
 .debug_macro   0x0001859d       0x16 _build/nrf52832_xxaa/nrfx_gpiote.c.o
 .debug_macro   0x000185b3      0x3dd _build/nrf52832_xxaa/nrfx_pwm.c.o
 .debug_macro   0x00018990       0x1c _build/nrf52832_xxaa/nrfx_pwm.c.o
 .debug_macro   0x000189ac       0x1c _build/nrf52832_xxaa/nrfx_pwm.c.o
 .debug_macro   0x000189c8      0x132 _build/nrf52832_xxaa/system_nrf52.c.o
 .debug_macro   0x00018afa      0x406 _build/nrf52832_xxaa/nrf_esb.c.o
 .debug_macro   0x00018f00       0x16 _build/nrf52832_xxaa/nrf_esb.c.o
 .debug_macro   0x00018f16       0x10 _build/nrf52832_xxaa/nrf_esb.c.o

.debug_line     0x00000000    0x1334e
 .debug_line    0x00000000      0xbce _build/nrf52832_xxaa/main.c.o
 .debug_line    0x00000bce      0xbe1 _build/nrf52832_xxaa/secretary.c.o
 .debug_line    0x000017af      0xc7b _build/nrf52832_xxaa/serial_dialog.c.o
 .debug_line    0x0000242a       0x93 _build/nrf52832_xxaa/gcc_startup_nrf52.S.o
 .debug_line    0x000024bd      0x5ab _build/nrf52832_xxaa/app_error.c.o
 .debug_line    0x00002a68      0x7c7 _build/nrf52832_xxaa/app_error_weak.c.o
 .debug_line    0x0000322f      0x658 _build/nrf52832_xxaa/app_util_platform.c.o
 .debug_line    0x00003887      0x893 _build/nrf52832_xxaa/app_fifo.c.o
 .debug_line    0x0000411a      0xcf9 _build/nrf52832_xxaa/app_uart_fifo.c.o
 .debug_line    0x00004e13      0x901 _build/nrf52832_xxaa/nrf_drv_uart.c.o
 .debug_line    0x00005714      0x9a9 _build/nrf52832_xxaa/nrfx_systick.c.o
 .debug_line    0x000060bd      0xa38 _build/nrf52832_xxaa/nrfx_prs.c.o
 .debug_line    0x00006af5     0x1ba7 _build/nrf52832_xxaa/nrfx_uart.c.o
 .debug_line    0x0000869c     0x1c7b _build/nrf52832_xxaa/nrfx_uarte.c.o
 .debug_line    0x0000a317     0x1c2d _build/nrf52832_xxaa/nrfx_saadc.c.o
 .debug_line    0x0000bf44     0x11ec _build/nrf52832_xxaa/nrfx_timer.c.o
 .debug_line    0x0000d130     0x1e50 _build/nrf52832_xxaa/nrfx_gpiote.c.o
 .debug_line    0x0000ef80     0x15a5 _build/nrf52832_xxaa/nrfx_pwm.c.o
 .debug_line    0x00010525      0x9a0 _build/nrf52832_xxaa/system_nrf52.c.o
 .debug_line    0x00010ec5     0x2489 _build/nrf52832_xxaa/nrf_esb.c.o

.debug_str      0x00000000    0x80153
 .debug_str     0x00000000    0x72958 _build/nrf52832_xxaa/main.c.o
                              0x73cdf (size before relaxing)
 .debug_str     0x00072958     0x2a4f _build/nrf52832_xxaa/secretary.c.o
                              0x75286 (size before relaxing)
 .debug_str     0x000753a7      0x793 _build/nrf52832_xxaa/serial_dialog.c.o
                              0x728cd (size before relaxing)
 .debug_str     0x00075b3a       0x52 _build/nrf52832_xxaa/gcc_startup_nrf52.S.o
                                 0x96 (size before relaxing)
 .debug_str     0x00075b8c      0x122 _build/nrf52832_xxaa/app_error.c.o
                              0x627ea (size before relaxing)
 .debug_str     0x00075cae      0x19c _build/nrf52832_xxaa/app_error_weak.c.o
                              0x6fc39 (size before relaxing)
 .debug_str     0x00075e4a      0x35b _build/nrf52832_xxaa/app_util_platform.c.o
                              0x63002 (size before relaxing)
 .debug_str     0x000761a5      0x20a _build/nrf52832_xxaa/app_fifo.c.o
                              0x6c27f (size before relaxing)
 .debug_str     0x000763af     0x1581 _build/nrf52832_xxaa/app_uart_fifo.c.o
                              0x72e07 (size before relaxing)
 .debug_str     0x00077930      0x875 _build/nrf52832_xxaa/nrf_drv_uart.c.o
                              0x6f88c (size before relaxing)
 .debug_str     0x000781a5      0x379 _build/nrf52832_xxaa/nrfx_systick.c.o
                              0x6e7ea (size before relaxing)
 .debug_str     0x0007851e      0x788 _build/nrf52832_xxaa/nrfx_prs.c.o
                              0x73b5f (size before relaxing)
 .debug_str     0x00078ca6      0x805 _build/nrf52832_xxaa/nrfx_uart.c.o
                              0x74b37 (size before relaxing)
 .debug_str     0x000794ab      0x958 _build/nrf52832_xxaa/nrfx_uarte.c.o
                              0x74fbf (size before relaxing)
 .debug_str     0x00079e03     0x18e6 _build/nrf52832_xxaa/nrfx_saadc.c.o
                              0x75273 (size before relaxing)
 .debug_str     0x0007b6e9     0x11b3 _build/nrf52832_xxaa/nrfx_timer.c.o
                              0x74b12 (size before relaxing)
 .debug_str     0x0007c89c     0x1937 _build/nrf52832_xxaa/nrfx_gpiote.c.o
                              0x75592 (size before relaxing)
 .debug_str     0x0007e1d3      0xe78 _build/nrf52832_xxaa/nrfx_pwm.c.o
                              0x74b31 (size before relaxing)
 .debug_str     0x0007f04b      0x3d5 _build/nrf52832_xxaa/system_nrf52.c.o
                              0x5e3b2 (size before relaxing)
 .debug_str     0x0007f420      0xd33 _build/nrf52832_xxaa/nrf_esb.c.o
                              0x72a25 (size before relaxing)

.debug_frame    0x00000000     0x1c88
 .debug_frame   0x00000000       0x5c _build/nrf52832_xxaa/main.c.o
 .debug_frame   0x0000005c       0x84 _build/nrf52832_xxaa/secretary.c.o
 .debug_frame   0x000000e0      0x14c _build/nrf52832_xxaa/serial_dialog.c.o
 .debug_frame   0x0000022c       0x48 _build/nrf52832_xxaa/app_error.c.o
 .debug_frame   0x00000274       0x20 _build/nrf52832_xxaa/app_error_weak.c.o
 .debug_frame   0x00000294       0x80 _build/nrf52832_xxaa/app_util_platform.c.o
 .debug_frame   0x00000314       0xe4 _build/nrf52832_xxaa/app_fifo.c.o
 .debug_frame   0x000003f8       0xbc _build/nrf52832_xxaa/app_uart_fifo.c.o
 .debug_frame   0x000004b4       0x70 _build/nrf52832_xxaa/nrf_drv_uart.c.o
 .debug_frame   0x00000524       0x84 _build/nrf52832_xxaa/nrfx_systick.c.o
 .debug_frame   0x000005a8       0xcc _build/nrf52832_xxaa/nrfx_prs.c.o
 .debug_frame   0x00000674      0x270 _build/nrf52832_xxaa/nrfx_uart.c.o
 .debug_frame   0x000008e4      0x1e8 _build/nrf52832_xxaa/nrfx_uarte.c.o
 .debug_frame   0x00000acc      0x17c _build/nrf52832_xxaa/nrfx_saadc.c.o
 .debug_frame   0x00000c48      0x1f8 _build/nrf52832_xxaa/nrfx_timer.c.o
 .debug_frame   0x00000e40      0x2f4 _build/nrf52832_xxaa/nrfx_gpiote.c.o
 .debug_frame   0x00001134      0x170 _build/nrf52832_xxaa/nrfx_pwm.c.o
 .debug_frame   0x000012a4       0xe8 _build/nrf52832_xxaa/system_nrf52.c.o
 .debug_frame   0x0000138c      0x490 _build/nrf52832_xxaa/nrf_esb.c.o
 .debug_frame   0x0000181c       0x28 c:/ac6/gnu tools arm embedded/8 2019-q3-update/bin/../lib/gcc/arm-none-eabi/8.3.1/../../../../arm-none-eabi/lib/thumb/v7e-m+fp/hard\libc_nano.a(lib_a-exit.o)
 .debug_frame   0x00001844       0x2c c:/ac6/gnu tools arm embedded/8 2019-q3-update/bin/../lib/gcc/arm-none-eabi/8.3.1/../../../../arm-none-eabi/lib/thumb/v7e-m+fp/hard\libc_nano.a(lib_a-init.o)
 .debug_frame   0x00001870       0x28 c:/ac6/gnu tools arm embedded/8 2019-q3-update/bin/../lib/gcc/arm-none-eabi/8.3.1/../../../../arm-none-eabi/lib/thumb/v7e-m+fp/hard\libc_nano.a(lib_a-memcpy-stub.o)
 .debug_frame   0x00001898       0x20 c:/ac6/gnu tools arm embedded/8 2019-q3-update/bin/../lib/gcc/arm-none-eabi/8.3.1/../../../../arm-none-eabi/lib/thumb/v7e-m+fp/hard\libc_nano.a(lib_a-memset.o)
 .debug_frame   0x000018b8       0x4c c:/ac6/gnu tools arm embedded/8 2019-q3-update/bin/../lib/gcc/arm-none-eabi/8.3.1/../../../../arm-none-eabi/lib/thumb/v7e-m+fp/hard\libc_nano.a(lib_a-vsnprintf.o)
 .debug_frame   0x00001904       0x90 c:/ac6/gnu tools arm embedded/8 2019-q3-update/bin/../lib/gcc/arm-none-eabi/8.3.1/../../../../arm-none-eabi/lib/thumb/v7e-m+fp/hard\libc_nano.a(lib_a-nano-svfprintf.o)
 .debug_frame   0x00001994       0x60 c:/ac6/gnu tools arm embedded/8 2019-q3-update/bin/../lib/gcc/arm-none-eabi/8.3.1/../../../../arm-none-eabi/lib/thumb/v7e-m+fp/hard\libc_nano.a(lib_a-nano-vfprintf_i.o)
 .debug_frame   0x000019f4       0x28 c:/ac6/gnu tools arm embedded/8 2019-q3-update/bin/../lib/gcc/arm-none-eabi/8.3.1/../../../../arm-none-eabi/lib/thumb/v7e-m+fp/hard\libc_nano.a(lib_a-memmove.o)
 .debug_frame   0x00001a1c       0x38 c:/ac6/gnu tools arm embedded/8 2019-q3-update/bin/../lib/gcc/arm-none-eabi/8.3.1/../../../../arm-none-eabi/lib/thumb/v7e-m+fp/hard\libc_nano.a(lib_a-nano-freer.o)
 .debug_frame   0x00001a54       0x30 c:/ac6/gnu tools arm embedded/8 2019-q3-update/bin/../lib/gcc/arm-none-eabi/8.3.1/../../../../arm-none-eabi/lib/thumb/v7e-m+fp/hard\libc_nano.a(lib_a-nano-mallocr.o)
 .debug_frame   0x00001a84       0x3c c:/ac6/gnu tools arm embedded/8 2019-q3-update/bin/../lib/gcc/arm-none-eabi/8.3.1/../../../../arm-none-eabi/lib/thumb/v7e-m+fp/hard\libc_nano.a(lib_a-nano-reallocr.o)
 .debug_frame   0x00001ac0       0x2c c:/ac6/gnu tools arm embedded/8 2019-q3-update/bin/../lib/gcc/arm-none-eabi/8.3.1/../../../../arm-none-eabi/lib/thumb/v7e-m+fp/hard\libc_nano.a(lib_a-sbrkr.o)
 .debug_frame   0x00001aec       0x30 c:/ac6/gnu tools arm embedded/8 2019-q3-update/bin/../lib/gcc/arm-none-eabi/8.3.1/../../../../arm-none-eabi/lib/thumb/v7e-m+fp/hard\libc_nano.a(lib_a-mlock.o)
 .debug_frame   0x00001b1c       0x20 c:/ac6/gnu tools arm embedded/8 2019-q3-update/bin/../lib/gcc/arm-none-eabi/8.3.1/../../../../arm-none-eabi/lib/thumb/v7e-m+fp/hard\libc_nano.a(lib_a-nano-msizer.o)
 .debug_frame   0x00001b3c       0x5c c:/ac6/gnu tools arm embedded/8 2019-q3-update/bin/../lib/gcc/arm-none-eabi/8.3.1/../../../../arm-none-eabi/lib/thumb/v7e-m+fp/hard\libc_nano.a(lib_a-reent.o)
 .debug_frame   0x00001b98       0xb0 c:/ac6/gnu tools arm embedded/8 2019-q3-update/bin/../lib/gcc/arm-none-eabi/8.3.1/../../../../arm-none-eabi/lib/thumb/v7e-m+fp/hard\libc_nano.a(lib_a-lock.o)
 .debug_frame   0x00001c48       0x20 c:/ac6/gnu tools arm embedded/8 2019-q3-update/bin/../lib/gcc/arm-none-eabi/8.3.1/../../../../arm-none-eabi/lib/thumb/v7e-m+fp/hard\libnosys.a(sbrk.o)
 .debug_frame   0x00001c68       0x20 c:/ac6/gnu tools arm embedded/8 2019-q3-update/bin/../lib/gcc/arm-none-eabi/8.3.1/../../../../arm-none-eabi/lib/thumb/v7e-m+fp/hard\libnosys.a(_exit.o)
